[36mINFO ctx_ctr.jobs.run_realtime_ctr: Configured realtime CTR job: impression_topic=ctr.impressions, click_topic=ctr.clicks, dead_letter_topic=ctr.dead-letter, consumer_group=ctx-ctr-exp-realtime-performance-baseline, starting_offsets=earliest, parallelism=1, checkpoint_interval_ms=10000, trust_min_impressions=100, trust_max_variance=0.0005, trust_max_ci_width=0.05, metrics_flush_interval_ms=1000, config=configs/run_realtime_ctr.yaml[0m
/Users/itonkdong/miniconda3/envs/big-data/lib/python3.11/site-packages/apache_beam/runners/portability/stager.py:63: UserWarning: pkg_resources is deprecated as an API. See https://setuptools.pypa.io/en/latest/pkg_resources.html. The pkg_resources package is slated for removal as early as 2025-11-30. Refrain from using this package or pin to Setuptools<81.
  import pkg_resources
[36mINFO ctx_ctr.jobs.run_realtime_ctr: Added Kafka connector jar: /Users/itonkdong/Work/Fax/RNMP/ctx-ctr/jars/flink-sql-connector-kafka-3.2.0-1.19.jar[0m
[36mINFO ctx_ctr.jobs.run_realtime_ctr: Starting realtime CTR Flink topology from topics ctr.impressions, ctr.clicks[0m
[36mINFO ctx_ctr.jobs.run_realtime_ctr: Loaded current CTR model from Redis: snapshot_name=seed_values_v1[0m
[36mINFO ctx_ctr.jobs.run_realtime_ctr: CTR_PROCESSOR_METRICS {"clicks": 673, "dead_letters": 0, "elapsed_seconds": 3.5837305419845507, "events_per_second": 1115.8763063099848, "impressions": 3326, "processed_events": 3999, "valid_events": 3999, "window_events": 3999, "window_events_per_second": 1115.8763063099848, "window_seconds": 3.5837305419845507}[0m
Traceback (most recent call last):
  File "/Users/itonkdong/miniconda3/envs/big-data/lib/python3.11/site-packages/apache_beam/runners/worker/sdk_worker.py", line 295, in _execute
    response = task()
               ^^^^^^
  File "/Users/itonkdong/miniconda3/envs/big-data/lib/python3.11/site-packages/apache_beam/runners/worker/sdk_worker.py", line 370, in <lambda>
    lambda: self.create_worker().do_instruction(request), request)
            ^^^^^^^^^^^^^^^^^^^^^^^^^^^^^^^^^^^^^^^^^^^^
  File "/Users/itonkdong/miniconda3/envs/big-data/lib/python3.11/site-packages/apache_beam/runners/worker/sdk_worker.py", line 629, in do_instruction
    return getattr(self, request_type)(
           ^^^^^^^^^^^^^^^^^^^^^^^^^^^^
  File "/Users/itonkdong/miniconda3/envs/big-data/lib/python3.11/site-packages/apache_beam/runners/worker/sdk_worker.py", line 667, in process_bundle
    bundle_processor.process_bundle(instruction_id))
    ^^^^^^^^^^^^^^^^^^^^^^^^^^^^^^^^^^^^^^^^^^^^^^^
  File "/Users/itonkdong/miniconda3/envs/big-data/lib/python3.11/site-packages/apache_beam/runners/worker/bundle_processor.py", line 1058, in process_bundle
    self.ops[element.transform_id].process_timer(
  File "pyflink/fn_execution/beam/beam_operations_fast.pyx", line 263, in pyflink.fn_execution.beam.beam_operations_fast.StatefulFunctionOperation.process_timer
  File "pyflink/fn_execution/beam/beam_operations_fast.pyx", line 272, in pyflink.fn_execution.beam.beam_operations_fast.StatefulFunctionOperation.process_timer
  File "pyflink/fn_execution/beam/beam_operations_fast.pyx", line 104, in pyflink.fn_execution.beam.beam_operations_fast.IntermediateOutputProcessor.process_outputs
  File "pyflink/fn_execution/beam/beam_operations_fast.pyx", line 169, in pyflink.fn_execution.beam.beam_operations_fast.FunctionOperation.process
  File "pyflink/fn_execution/beam/beam_operations_fast.pyx", line 193, in pyflink.fn_execution.beam.beam_operations_fast.FunctionOperation.process
  File "pyflink/fn_execution/beam/beam_operations_fast.pyx", line 65, in pyflink.fn_execution.beam.beam_operations_fast.IntermediateInputProcessor.has_next
  File "/Users/itonkdong/miniconda3/envs/big-data/lib/python3.11/site-packages/pyflink/fn_execution/datastream/process/input_handler.py", line 101, in process_timer
    yield from _emit_results(
  File "/Users/itonkdong/miniconda3/envs/big-data/lib/python3.11/site-packages/pyflink/fn_execution/datastream/process/input_handler.py", line 131, in _emit_results
    for result in results:
  File "/Users/itonkdong/miniconda3/envs/big-data/lib/python3.11/site-packages/pyflink/fn_execution/datastream/process/input_handler.py", line 114, in _on_processing_time
    yield from self._on_processing_time_func(timestamp, key, namespace)
TypeError: 'NoneType' object is not iterable

[36mINFO ctx_ctr.jobs.run_realtime_ctr: Loaded current CTR model from Redis: snapshot_name=seed_values_v1[0m
[36mINFO ctx_ctr.jobs.run_realtime_ctr: CTR_PROCESSOR_METRICS {"clicks": 673, "dead_letters": 0, "elapsed_seconds": 6.668144458992174, "events_per_second": 599.717061409376, "impressions": 3326, "processed_events": 3999, "valid_events": 3999, "window_events": 3999, "window_events_per_second": 599.717061409376, "window_seconds": 6.668144458992174}[0m
Traceback (most recent call last):
  File "/Users/itonkdong/miniconda3/envs/big-data/lib/python3.11/site-packages/apache_beam/runners/worker/sdk_worker.py", line 295, in _execute
    response = task()
               ^^^^^^
  File "/Users/itonkdong/miniconda3/envs/big-data/lib/python3.11/site-packages/apache_beam/runners/worker/sdk_worker.py", line 370, in <lambda>
    lambda: self.create_worker().do_instruction(request), request)
            ^^^^^^^^^^^^^^^^^^^^^^^^^^^^^^^^^^^^^^^^^^^^
  File "/Users/itonkdong/miniconda3/envs/big-data/lib/python3.11/site-packages/apache_beam/runners/worker/sdk_worker.py", line 629, in do_instruction
    return getattr(self, request_type)(
           ^^^^^^^^^^^^^^^^^^^^^^^^^^^^
  File "/Users/itonkdong/miniconda3/envs/big-data/lib/python3.11/site-packages/apache_beam/runners/worker/sdk_worker.py", line 667, in process_bundle
    bundle_processor.process_bundle(instruction_id))
    ^^^^^^^^^^^^^^^^^^^^^^^^^^^^^^^^^^^^^^^^^^^^^^^
  File "/Users/itonkdong/miniconda3/envs/big-data/lib/python3.11/site-packages/apache_beam/runners/worker/bundle_processor.py", line 1058, in process_bundle
    self.ops[element.transform_id].process_timer(
  File "pyflink/fn_execution/beam/beam_operations_fast.pyx", line 263, in pyflink.fn_execution.beam.beam_operations_fast.StatefulFunctionOperation.process_timer
  File "pyflink/fn_execution/beam/beam_operations_fast.pyx", line 272, in pyflink.fn_execution.beam.beam_operations_fast.StatefulFunctionOperation.process_timer
  File "pyflink/fn_execution/beam/beam_operations_fast.pyx", line 104, in pyflink.fn_execution.beam.beam_operations_fast.IntermediateOutputProcessor.process_outputs
  File "pyflink/fn_execution/beam/beam_operations_fast.pyx", line 169, in pyflink.fn_execution.beam.beam_operations_fast.FunctionOperation.process
  File "pyflink/fn_execution/beam/beam_operations_fast.pyx", line 193, in pyflink.fn_execution.beam.beam_operations_fast.FunctionOperation.process
  File "pyflink/fn_execution/beam/beam_operations_fast.pyx", line 65, in pyflink.fn_execution.beam.beam_operations_fast.IntermediateInputProcessor.has_next
  File "/Users/itonkdong/miniconda3/envs/big-data/lib/python3.11/site-packages/pyflink/fn_execution/datastream/process/input_handler.py", line 101, in process_timer
    yield from _emit_results(
  File "/Users/itonkdong/miniconda3/envs/big-data/lib/python3.11/site-packages/pyflink/fn_execution/datastream/process/input_handler.py", line 131, in _emit_results
    for result in results:
  File "/Users/itonkdong/miniconda3/envs/big-data/lib/python3.11/site-packages/pyflink/fn_execution/datastream/process/input_handler.py", line 114, in _on_processing_time
    yield from self._on_processing_time_func(timestamp, key, namespace)
TypeError: 'NoneType' object is not iterable

[36mINFO ctx_ctr.jobs.run_realtime_ctr: Loaded current CTR model from Redis: snapshot_name=seed_values_v1[0m
[36mINFO ctx_ctr.jobs.run_realtime_ctr: CTR_PROCESSOR_METRICS {"clicks": 673, "dead_letters": 0, "elapsed_seconds": 10.172018624987686, "events_per_second": 393.1373061170384, "impressions": 3326, "processed_events": 3999, "valid_events": 3999, "window_events": 3999, "window_events_per_second": 393.1373061170384, "window_seconds": 10.172018624987686}[0m
Traceback (most recent call last):
  File "/Users/itonkdong/miniconda3/envs/big-data/lib/python3.11/site-packages/apache_beam/runners/worker/sdk_worker.py", line 295, in _execute
    response = task()
               ^^^^^^
  File "/Users/itonkdong/miniconda3/envs/big-data/lib/python3.11/site-packages/apache_beam/runners/worker/sdk_worker.py", line 370, in <lambda>
    lambda: self.create_worker().do_instruction(request), request)
            ^^^^^^^^^^^^^^^^^^^^^^^^^^^^^^^^^^^^^^^^^^^^
  File "/Users/itonkdong/miniconda3/envs/big-data/lib/python3.11/site-packages/apache_beam/runners/worker/sdk_worker.py", line 629, in do_instruction
    return getattr(self, request_type)(
           ^^^^^^^^^^^^^^^^^^^^^^^^^^^^
  File "/Users/itonkdong/miniconda3/envs/big-data/lib/python3.11/site-packages/apache_beam/runners/worker/sdk_worker.py", line 667, in process_bundle
    bundle_processor.process_bundle(instruction_id))
    ^^^^^^^^^^^^^^^^^^^^^^^^^^^^^^^^^^^^^^^^^^^^^^^
  File "/Users/itonkdong/miniconda3/envs/big-data/lib/python3.11/site-packages/apache_beam/runners/worker/bundle_processor.py", line 1058, in process_bundle
    self.ops[element.transform_id].process_timer(
  File "pyflink/fn_execution/beam/beam_operations_fast.pyx", line 263, in pyflink.fn_execution.beam.beam_operations_fast.StatefulFunctionOperation.process_timer
  File "pyflink/fn_execution/beam/beam_operations_fast.pyx", line 272, in pyflink.fn_execution.beam.beam_operations_fast.StatefulFunctionOperation.process_timer
  File "pyflink/fn_execution/beam/beam_operations_fast.pyx", line 104, in pyflink.fn_execution.beam.beam_operations_fast.IntermediateOutputProcessor.process_outputs
  File "pyflink/fn_execution/beam/beam_operations_fast.pyx", line 169, in pyflink.fn_execution.beam.beam_operations_fast.FunctionOperation.process
  File "pyflink/fn_execution/beam/beam_operations_fast.pyx", line 193, in pyflink.fn_execution.beam.beam_operations_fast.FunctionOperation.process
  File "pyflink/fn_execution/beam/beam_operations_fast.pyx", line 65, in pyflink.fn_execution.beam.beam_operations_fast.IntermediateInputProcessor.has_next
  File "/Users/itonkdong/miniconda3/envs/big-data/lib/python3.11/site-packages/pyflink/fn_execution/datastream/process/input_handler.py", line 101, in process_timer
    yield from _emit_results(
  File "/Users/itonkdong/miniconda3/envs/big-data/lib/python3.11/site-packages/pyflink/fn_execution/datastream/process/input_handler.py", line 131, in _emit_results
    for result in results:
  File "/Users/itonkdong/miniconda3/envs/big-data/lib/python3.11/site-packages/pyflink/fn_execution/datastream/process/input_handler.py", line 114, in _on_processing_time
    yield from self._on_processing_time_func(timestamp, key, namespace)
TypeError: 'NoneType' object is not iterable

[36mINFO ctx_ctr.jobs.run_realtime_ctr: Loaded current CTR model from Redis: snapshot_name=seed_values_v1[0m
[36mINFO ctx_ctr.jobs.run_realtime_ctr: CTR_PROCESSOR_METRICS {"clicks": 673, "dead_letters": 0, "elapsed_seconds": 14.605971959012095, "events_per_second": 273.79211812963666, "impressions": 3326, "processed_events": 3999, "valid_events": 3999, "window_events": 3999, "window_events_per_second": 273.79211812963666, "window_seconds": 14.605971959012095}[0m
Traceback (most recent call last):
  File "/Users/itonkdong/miniconda3/envs/big-data/lib/python3.11/site-packages/apache_beam/runners/worker/sdk_worker.py", line 295, in _execute
    response = task()
               ^^^^^^
  File "/Users/itonkdong/miniconda3/envs/big-data/lib/python3.11/site-packages/apache_beam/runners/worker/sdk_worker.py", line 370, in <lambda>
    lambda: self.create_worker().do_instruction(request), request)
            ^^^^^^^^^^^^^^^^^^^^^^^^^^^^^^^^^^^^^^^^^^^^
  File "/Users/itonkdong/miniconda3/envs/big-data/lib/python3.11/site-packages/apache_beam/runners/worker/sdk_worker.py", line 629, in do_instruction
    return getattr(self, request_type)(
           ^^^^^^^^^^^^^^^^^^^^^^^^^^^^
  File "/Users/itonkdong/miniconda3/envs/big-data/lib/python3.11/site-packages/apache_beam/runners/worker/sdk_worker.py", line 667, in process_bundle
    bundle_processor.process_bundle(instruction_id))
    ^^^^^^^^^^^^^^^^^^^^^^^^^^^^^^^^^^^^^^^^^^^^^^^
  File "/Users/itonkdong/miniconda3/envs/big-data/lib/python3.11/site-packages/apache_beam/runners/worker/bundle_processor.py", line 1058, in process_bundle
    self.ops[element.transform_id].process_timer(
  File "pyflink/fn_execution/beam/beam_operations_fast.pyx", line 263, in pyflink.fn_execution.beam.beam_operations_fast.StatefulFunctionOperation.process_timer
  File "pyflink/fn_execution/beam/beam_operations_fast.pyx", line 272, in pyflink.fn_execution.beam.beam_operations_fast.StatefulFunctionOperation.process_timer
  File "pyflink/fn_execution/beam/beam_operations_fast.pyx", line 104, in pyflink.fn_execution.beam.beam_operations_fast.IntermediateOutputProcessor.process_outputs
  File "pyflink/fn_execution/beam/beam_operations_fast.pyx", line 169, in pyflink.fn_execution.beam.beam_operations_fast.FunctionOperation.process
  File "pyflink/fn_execution/beam/beam_operations_fast.pyx", line 193, in pyflink.fn_execution.beam.beam_operations_fast.FunctionOperation.process
  File "pyflink/fn_execution/beam/beam_operations_fast.pyx", line 65, in pyflink.fn_execution.beam.beam_operations_fast.IntermediateInputProcessor.has_next
  File "/Users/itonkdong/miniconda3/envs/big-data/lib/python3.11/site-packages/pyflink/fn_execution/datastream/process/input_handler.py", line 101, in process_timer
    yield from _emit_results(
  File "/Users/itonkdong/miniconda3/envs/big-data/lib/python3.11/site-packages/pyflink/fn_execution/datastream/process/input_handler.py", line 131, in _emit_results
    for result in results:
  File "/Users/itonkdong/miniconda3/envs/big-data/lib/python3.11/site-packages/pyflink/fn_execution/datastream/process/input_handler.py", line 114, in _on_processing_time
    yield from self._on_processing_time_func(timestamp, key, namespace)
TypeError: 'NoneType' object is not iterable

Exception in thread read_grpc_client_inputs:
Traceback (most recent call last):
  File "/Users/itonkdong/miniconda3/envs/big-data/lib/python3.11/threading.py", line 1045, in _bootstrap_inner
    self.run()
  File "/Users/itonkdong/miniconda3/envs/big-data/lib/python3.11/threading.py", line 982, in run
    self._target(*self._args, **self._kwargs)
  File "/Users/itonkdong/miniconda3/envs/big-data/lib/python3.11/site-packages/apache_beam/runners/worker/data_plane.py", line 669, in <lambda>
    target=lambda: self._read_inputs(elements_iterator),
                   ^^^^^^^^^^^^^^^^^^^^^^^^^^^^^^^^^^^^
  File "/Users/itonkdong/miniconda3/envs/big-data/lib/python3.11/site-packages/apache_beam/runners/worker/data_plane.py", line 652, in _read_inputs
    for elements in elements_iterator:
  File "/Users/itonkdong/miniconda3/envs/big-data/lib/python3.11/site-packages/grpc/_channel.py", line 538, in __next__
    return self._next()
           ^^^^^^^^^^^^
  File "/Users/itonkdong/miniconda3/envs/big-data/lib/python3.11/site-packages/grpc/_channel.py", line 956, in _next
    raise self
grpc._channel._MultiThreadedRendezvous: <_MultiThreadedRendezvous of RPC that terminated with:
	status = StatusCode.CANCELLED
	details = "Multiplexer hanging up"
	debug_error_string = "CANCELLED:Multiplexer hanging up"
>
Traceback (most recent call last):
  File "/Users/itonkdong/miniconda3/envs/big-data/lib/python3.11/site-packages/apache_beam/runners/worker/data_plane.py", line 505, in input_elements
    element = received.get(timeout=1)
              ^^^^^^^^^^^^^^^^^^^^^^^
  File "/Users/itonkdong/miniconda3/envs/big-data/lib/python3.11/queue.py", line 179, in get
    raise Empty
_queue.Empty

During handling of the above exception, another exception occurred:

Traceback (most recent call last):
  File "/Users/itonkdong/miniconda3/envs/big-data/lib/python3.11/site-packages/apache_beam/runners/worker/sdk_worker.py", line 295, in _execute
    response = task()
               ^^^^^^
  File "/Users/itonkdong/miniconda3/envs/big-data/lib/python3.11/site-packages/apache_beam/runners/worker/sdk_worker.py", line 370, in <lambda>
    lambda: self.create_worker().do_instruction(request), request)
            ^^^^^^^^^^^^^^^^^^^^^^^^^^^^^^^^^^^^^^^^^^^^
  File "/Users/itonkdong/miniconda3/envs/big-data/lib/python3.11/site-packages/apache_beam/runners/worker/sdk_worker.py", line 629, in do_instruction
    return getattr(self, request_type)(
           ^^^^^^^^^^^^^^^^^^^^^^^^^^^^
  File "/Users/itonkdong/miniconda3/envs/big-data/lib/python3.11/site-packages/apache_beam/runners/worker/sdk_worker.py", line 667, in process_bundle
    bundle_processor.process_bundle(instruction_id))
    ^^^^^^^^^^^^^^^^^^^^^^^^^^^^^^^^^^^^^^^^^^^^^^^
  File "/Users/itonkdong/miniconda3/envs/big-data/lib/python3.11/site-packages/apache_beam/runners/worker/bundle_processor.py", line 1050, in process_bundle
    for element in data_channel.input_elements(instruction_id,
  File "/Users/itonkdong/miniconda3/envs/big-data/lib/python3.11/site-packages/apache_beam/runners/worker/data_plane.py", line 508, in input_elements
    raise RuntimeError('Channel closed prematurely.')
RuntimeError: Channel closed prematurely.

[36mINFO ctx_ctr.jobs.run_realtime_ctr: Loaded current CTR model from Redis: snapshot_name=seed_values_v1[0m
[36mINFO ctx_ctr.jobs.run_realtime_ctr: CTR_PROCESSOR_METRICS {"clicks": 997, "dead_letters": 0, "elapsed_seconds": 20.2646447919833, "events_per_second": 246.68579446196884, "impressions": 4002, "processed_events": 4999, "valid_events": 4999, "window_events": 4999, "window_events_per_second": 246.68579446196884, "window_seconds": 20.2646447919833}[0m
Traceback (most recent call last):
  File "/Users/itonkdong/miniconda3/envs/big-data/lib/python3.11/site-packages/apache_beam/runners/worker/sdk_worker.py", line 295, in _execute
    response = task()
               ^^^^^^
  File "/Users/itonkdong/miniconda3/envs/big-data/lib/python3.11/site-packages/apache_beam/runners/worker/sdk_worker.py", line 370, in <lambda>
    lambda: self.create_worker().do_instruction(request), request)
            ^^^^^^^^^^^^^^^^^^^^^^^^^^^^^^^^^^^^^^^^^^^^
  File "/Users/itonkdong/miniconda3/envs/big-data/lib/python3.11/site-packages/apache_beam/runners/worker/sdk_worker.py", line 629, in do_instruction
    return getattr(self, request_type)(
           ^^^^^^^^^^^^^^^^^^^^^^^^^^^^
  File "/Users/itonkdong/miniconda3/envs/big-data/lib/python3.11/site-packages/apache_beam/runners/worker/sdk_worker.py", line 667, in process_bundle
    bundle_processor.process_bundle(instruction_id))
    ^^^^^^^^^^^^^^^^^^^^^^^^^^^^^^^^^^^^^^^^^^^^^^^
  File "/Users/itonkdong/miniconda3/envs/big-data/lib/python3.11/site-packages/apache_beam/runners/worker/bundle_processor.py", line 1058, in process_bundle
    self.ops[element.transform_id].process_timer(
  File "pyflink/fn_execution/beam/beam_operations_fast.pyx", line 263, in pyflink.fn_execution.beam.beam_operations_fast.StatefulFunctionOperation.process_timer
  File "pyflink/fn_execution/beam/beam_operations_fast.pyx", line 272, in pyflink.fn_execution.beam.beam_operations_fast.StatefulFunctionOperation.process_timer
  File "pyflink/fn_execution/beam/beam_operations_fast.pyx", line 104, in pyflink.fn_execution.beam.beam_operations_fast.IntermediateOutputProcessor.process_outputs
  File "pyflink/fn_execution/beam/beam_operations_fast.pyx", line 169, in pyflink.fn_execution.beam.beam_operations_fast.FunctionOperation.process
  File "pyflink/fn_execution/beam/beam_operations_fast.pyx", line 193, in pyflink.fn_execution.beam.beam_operations_fast.FunctionOperation.process
  File "pyflink/fn_execution/beam/beam_operations_fast.pyx", line 65, in pyflink.fn_execution.beam.beam_operations_fast.IntermediateInputProcessor.has_next
  File "/Users/itonkdong/miniconda3/envs/big-data/lib/python3.11/site-packages/pyflink/fn_execution/datastream/process/input_handler.py", line 101, in process_timer
    yield from _emit_results(
  File "/Users/itonkdong/miniconda3/envs/big-data/lib/python3.11/site-packages/pyflink/fn_execution/datastream/process/input_handler.py", line 131, in _emit_results
    for result in results:
  File "/Users/itonkdong/miniconda3/envs/big-data/lib/python3.11/site-packages/pyflink/fn_execution/datastream/process/input_handler.py", line 114, in _on_processing_time
    yield from self._on_processing_time_func(timestamp, key, namespace)
TypeError: 'NoneType' object is not iterable

[36mINFO ctx_ctr.jobs.run_realtime_ctr: Loaded current CTR model from Redis: snapshot_name=seed_values_v1[0m
[36mINFO ctx_ctr.jobs.run_realtime_ctr: CTR_PROCESSOR_METRICS {"clicks": 997, "dead_letters": 0, "elapsed_seconds": 27.12243837499409, "events_per_second": 184.3123369250199, "impressions": 4002, "processed_events": 4999, "valid_events": 4999, "window_events": 4999, "window_events_per_second": 184.3123369250199, "window_seconds": 27.12243837499409}[0m
Traceback (most recent call last):
  File "/Users/itonkdong/miniconda3/envs/big-data/lib/python3.11/site-packages/apache_beam/runners/worker/sdk_worker.py", line 295, in _execute
    response = task()
               ^^^^^^
  File "/Users/itonkdong/miniconda3/envs/big-data/lib/python3.11/site-packages/apache_beam/runners/worker/sdk_worker.py", line 370, in <lambda>
    lambda: self.create_worker().do_instruction(request), request)
            ^^^^^^^^^^^^^^^^^^^^^^^^^^^^^^^^^^^^^^^^^^^^
  File "/Users/itonkdong/miniconda3/envs/big-data/lib/python3.11/site-packages/apache_beam/runners/worker/sdk_worker.py", line 629, in do_instruction
    return getattr(self, request_type)(
           ^^^^^^^^^^^^^^^^^^^^^^^^^^^^
  File "/Users/itonkdong/miniconda3/envs/big-data/lib/python3.11/site-packages/apache_beam/runners/worker/sdk_worker.py", line 667, in process_bundle
    bundle_processor.process_bundle(instruction_id))
    ^^^^^^^^^^^^^^^^^^^^^^^^^^^^^^^^^^^^^^^^^^^^^^^
  File "/Users/itonkdong/miniconda3/envs/big-data/lib/python3.11/site-packages/apache_beam/runners/worker/bundle_processor.py", line 1058, in process_bundle
    self.ops[element.transform_id].process_timer(
  File "pyflink/fn_execution/beam/beam_operations_fast.pyx", line 263, in pyflink.fn_execution.beam.beam_operations_fast.StatefulFunctionOperation.process_timer
  File "pyflink/fn_execution/beam/beam_operations_fast.pyx", line 272, in pyflink.fn_execution.beam.beam_operations_fast.StatefulFunctionOperation.process_timer
  File "pyflink/fn_execution/beam/beam_operations_fast.pyx", line 104, in pyflink.fn_execution.beam.beam_operations_fast.IntermediateOutputProcessor.process_outputs
  File "pyflink/fn_execution/beam/beam_operations_fast.pyx", line 169, in pyflink.fn_execution.beam.beam_operations_fast.FunctionOperation.process
  File "pyflink/fn_execution/beam/beam_operations_fast.pyx", line 193, in pyflink.fn_execution.beam.beam_operations_fast.FunctionOperation.process
  File "pyflink/fn_execution/beam/beam_operations_fast.pyx", line 65, in pyflink.fn_execution.beam.beam_operations_fast.IntermediateInputProcessor.has_next
  File "/Users/itonkdong/miniconda3/envs/big-data/lib/python3.11/site-packages/pyflink/fn_execution/datastream/process/input_handler.py", line 101, in process_timer
    yield from _emit_results(
  File "/Users/itonkdong/miniconda3/envs/big-data/lib/python3.11/site-packages/pyflink/fn_execution/datastream/process/input_handler.py", line 131, in _emit_results
    for result in results:
  File "/Users/itonkdong/miniconda3/envs/big-data/lib/python3.11/site-packages/pyflink/fn_execution/datastream/process/input_handler.py", line 114, in _on_processing_time
    yield from self._on_processing_time_func(timestamp, key, namespace)
TypeError: 'NoneType' object is not iterable

Exception in thread read_grpc_client_inputs:
Traceback (most recent call last):
  File "/Users/itonkdong/miniconda3/envs/big-data/lib/python3.11/threading.py", line 1045, in _bootstrap_inner
    self.run()
  File "/Users/itonkdong/miniconda3/envs/big-data/lib/python3.11/threading.py", line 982, in run
    self._target(*self._args, **self._kwargs)
  File "/Users/itonkdong/miniconda3/envs/big-data/lib/python3.11/site-packages/apache_beam/runners/worker/data_plane.py", line 669, in <lambda>
    target=lambda: self._read_inputs(elements_iterator),
                   ^^^^^^^^^^^^^^^^^^^^^^^^^^^^^^^^^^^^
  File "/Users/itonkdong/miniconda3/envs/big-data/lib/python3.11/site-packages/apache_beam/runners/worker/data_plane.py", line 652, in _read_inputs
    for elements in elements_iterator:
  File "/Users/itonkdong/miniconda3/envs/big-data/lib/python3.11/site-packages/grpc/_channel.py", line 538, in __next__
    return self._next()
           ^^^^^^^^^^^^
  File "/Users/itonkdong/miniconda3/envs/big-data/lib/python3.11/site-packages/grpc/_channel.py", line 956, in _next
    raise self
grpc._channel._MultiThreadedRendezvous: <_MultiThreadedRendezvous of RPC that terminated with:
	status = StatusCode.CANCELLED
	details = "Multiplexer hanging up"
	debug_error_string = "CANCELLED:Multiplexer hanging up"
>
Traceback (most recent call last):
  File "/Users/itonkdong/miniconda3/envs/big-data/lib/python3.11/site-packages/apache_beam/runners/worker/data_plane.py", line 505, in input_elements
    element = received.get(timeout=1)
              ^^^^^^^^^^^^^^^^^^^^^^^
  File "/Users/itonkdong/miniconda3/envs/big-data/lib/python3.11/queue.py", line 179, in get
    raise Empty
_queue.Empty

During handling of the above exception, another exception occurred:

Traceback (most recent call last):
  File "/Users/itonkdong/miniconda3/envs/big-data/lib/python3.11/site-packages/apache_beam/runners/worker/sdk_worker.py", line 295, in _execute
    response = task()
               ^^^^^^
  File "/Users/itonkdong/miniconda3/envs/big-data/lib/python3.11/site-packages/apache_beam/runners/worker/sdk_worker.py", line 370, in <lambda>
    lambda: self.create_worker().do_instruction(request), request)
            ^^^^^^^^^^^^^^^^^^^^^^^^^^^^^^^^^^^^^^^^^^^^
  File "/Users/itonkdong/miniconda3/envs/big-data/lib/python3.11/site-packages/apache_beam/runners/worker/sdk_worker.py", line 629, in do_instruction
    return getattr(self, request_type)(
           ^^^^^^^^^^^^^^^^^^^^^^^^^^^^
  File "/Users/itonkdong/miniconda3/envs/big-data/lib/python3.11/site-packages/apache_beam/runners/worker/sdk_worker.py", line 667, in process_bundle
    bundle_processor.process_bundle(instruction_id))
    ^^^^^^^^^^^^^^^^^^^^^^^^^^^^^^^^^^^^^^^^^^^^^^^
  File "/Users/itonkdong/miniconda3/envs/big-data/lib/python3.11/site-packages/apache_beam/runners/worker/bundle_processor.py", line 1050, in process_bundle
    for element in data_channel.input_elements(instruction_id,
  File "/Users/itonkdong/miniconda3/envs/big-data/lib/python3.11/site-packages/apache_beam/runners/worker/data_plane.py", line 508, in input_elements
    raise RuntimeError('Channel closed prematurely.')
RuntimeError: Channel closed prematurely.

[36mINFO ctx_ctr.jobs.run_realtime_ctr: Loaded current CTR model from Redis: snapshot_name=seed_values_v1[0m
[36mINFO ctx_ctr.jobs.run_realtime_ctr: CTR_PROCESSOR_METRICS {"clicks": 997, "dead_letters": 0, "elapsed_seconds": 36.45401108398801, "events_per_second": 137.13168596132215, "impressions": 4002, "processed_events": 4999, "valid_events": 4999, "window_events": 4999, "window_events_per_second": 137.13168596132215, "window_seconds": 36.45401108398801}[0m
Traceback (most recent call last):
  File "/Users/itonkdong/miniconda3/envs/big-data/lib/python3.11/site-packages/apache_beam/runners/worker/sdk_worker.py", line 295, in _execute
    response = task()
               ^^^^^^
  File "/Users/itonkdong/miniconda3/envs/big-data/lib/python3.11/site-packages/apache_beam/runners/worker/sdk_worker.py", line 370, in <lambda>
    lambda: self.create_worker().do_instruction(request), request)
            ^^^^^^^^^^^^^^^^^^^^^^^^^^^^^^^^^^^^^^^^^^^^
  File "/Users/itonkdong/miniconda3/envs/big-data/lib/python3.11/site-packages/apache_beam/runners/worker/sdk_worker.py", line 629, in do_instruction
    return getattr(self, request_type)(
           ^^^^^^^^^^^^^^^^^^^^^^^^^^^^
  File "/Users/itonkdong/miniconda3/envs/big-data/lib/python3.11/site-packages/apache_beam/runners/worker/sdk_worker.py", line 667, in process_bundle
    bundle_processor.process_bundle(instruction_id))
    ^^^^^^^^^^^^^^^^^^^^^^^^^^^^^^^^^^^^^^^^^^^^^^^
  File "/Users/itonkdong/miniconda3/envs/big-data/lib/python3.11/site-packages/apache_beam/runners/worker/bundle_processor.py", line 1058, in process_bundle
    self.ops[element.transform_id].process_timer(
  File "pyflink/fn_execution/beam/beam_operations_fast.pyx", line 263, in pyflink.fn_execution.beam.beam_operations_fast.StatefulFunctionOperation.process_timer
  File "pyflink/fn_execution/beam/beam_operations_fast.pyx", line 272, in pyflink.fn_execution.beam.beam_operations_fast.StatefulFunctionOperation.process_timer
  File "pyflink/fn_execution/beam/beam_operations_fast.pyx", line 104, in pyflink.fn_execution.beam.beam_operations_fast.IntermediateOutputProcessor.process_outputs
  File "pyflink/fn_execution/beam/beam_operations_fast.pyx", line 169, in pyflink.fn_execution.beam.beam_operations_fast.FunctionOperation.process
  File "pyflink/fn_execution/beam/beam_operations_fast.pyx", line 193, in pyflink.fn_execution.beam.beam_operations_fast.FunctionOperation.process
  File "pyflink/fn_execution/beam/beam_operations_fast.pyx", line 65, in pyflink.fn_execution.beam.beam_operations_fast.IntermediateInputProcessor.has_next
  File "/Users/itonkdong/miniconda3/envs/big-data/lib/python3.11/site-packages/pyflink/fn_execution/datastream/process/input_handler.py", line 101, in process_timer
    yield from _emit_results(
  File "/Users/itonkdong/miniconda3/envs/big-data/lib/python3.11/site-packages/pyflink/fn_execution/datastream/process/input_handler.py", line 131, in _emit_results
    for result in results:
  File "/Users/itonkdong/miniconda3/envs/big-data/lib/python3.11/site-packages/pyflink/fn_execution/datastream/process/input_handler.py", line 114, in _on_processing_time
    yield from self._on_processing_time_func(timestamp, key, namespace)
TypeError: 'NoneType' object is not iterable

Exception in thread read_grpc_client_inputs:
Traceback (most recent call last):
  File "/Users/itonkdong/miniconda3/envs/big-data/lib/python3.11/threading.py", line 1045, in _bootstrap_inner
    self.run()
  File "/Users/itonkdong/miniconda3/envs/big-data/lib/python3.11/threading.py", line 982, in run
    self._target(*self._args, **self._kwargs)
  File "/Users/itonkdong/miniconda3/envs/big-data/lib/python3.11/site-packages/apache_beam/runners/worker/data_plane.py", line 669, in <lambda>
    target=lambda: self._read_inputs(elements_iterator),
                   ^^^^^^^^^^^^^^^^^^^^^^^^^^^^^^^^^^^^
  File "/Users/itonkdong/miniconda3/envs/big-data/lib/python3.11/site-packages/apache_beam/runners/worker/data_plane.py", line 652, in _read_inputs
    for elements in elements_iterator:
  File "/Users/itonkdong/miniconda3/envs/big-data/lib/python3.11/site-packages/grpc/_channel.py", line 538, in __next__
    return self._next()
           ^^^^^^^^^^^^
  File "/Users/itonkdong/miniconda3/envs/big-data/lib/python3.11/site-packages/grpc/_channel.py", line 956, in _next
    raise self
grpc._channel._MultiThreadedRendezvous: <_MultiThreadedRendezvous of RPC that terminated with:
	status = StatusCode.CANCELLED
	details = "Multiplexer hanging up"
	debug_error_string = "CANCELLED:Multiplexer hanging up"
>
Traceback (most recent call last):
  File "/Users/itonkdong/miniconda3/envs/big-data/lib/python3.11/site-packages/apache_beam/runners/worker/data_plane.py", line 505, in input_elements
    element = received.get(timeout=1)
              ^^^^^^^^^^^^^^^^^^^^^^^
  File "/Users/itonkdong/miniconda3/envs/big-data/lib/python3.11/queue.py", line 179, in get
    raise Empty
_queue.Empty

During handling of the above exception, another exception occurred:

Traceback (most recent call last):
  File "/Users/itonkdong/miniconda3/envs/big-data/lib/python3.11/site-packages/apache_beam/runners/worker/sdk_worker.py", line 295, in _execute
    response = task()
               ^^^^^^
  File "/Users/itonkdong/miniconda3/envs/big-data/lib/python3.11/site-packages/apache_beam/runners/worker/sdk_worker.py", line 370, in <lambda>
    lambda: self.create_worker().do_instruction(request), request)
            ^^^^^^^^^^^^^^^^^^^^^^^^^^^^^^^^^^^^^^^^^^^^
  File "/Users/itonkdong/miniconda3/envs/big-data/lib/python3.11/site-packages/apache_beam/runners/worker/sdk_worker.py", line 629, in do_instruction
    return getattr(self, request_type)(
           ^^^^^^^^^^^^^^^^^^^^^^^^^^^^
  File "/Users/itonkdong/miniconda3/envs/big-data/lib/python3.11/site-packages/apache_beam/runners/worker/sdk_worker.py", line 667, in process_bundle
    bundle_processor.process_bundle(instruction_id))
    ^^^^^^^^^^^^^^^^^^^^^^^^^^^^^^^^^^^^^^^^^^^^^^^
  File "/Users/itonkdong/miniconda3/envs/big-data/lib/python3.11/site-packages/apache_beam/runners/worker/bundle_processor.py", line 1050, in process_bundle
    for element in data_channel.input_elements(instruction_id,
  File "/Users/itonkdong/miniconda3/envs/big-data/lib/python3.11/site-packages/apache_beam/runners/worker/data_plane.py", line 508, in input_elements
    raise RuntimeError('Channel closed prematurely.')
RuntimeError: Channel closed prematurely.

[36mINFO ctx_ctr.jobs.run_realtime_ctr: Loaded current CTR model from Redis: snapshot_name=seed_values_v1[0m
[36mINFO ctx_ctr.jobs.run_realtime_ctr: CTR_PROCESSOR_METRICS {"clicks": 0, "dead_letters": 0, "elapsed_seconds": 49.385762541991426, "events_per_second": 20.22850207386342, "impressions": 999, "processed_events": 999, "valid_events": 999, "window_events": 999, "window_events_per_second": 20.22850207386342, "window_seconds": 49.385762541991426}[0m
Traceback (most recent call last):
  File "/Users/itonkdong/miniconda3/envs/big-data/lib/python3.11/site-packages/apache_beam/runners/worker/sdk_worker.py", line 295, in _execute
    response = task()
               ^^^^^^
  File "/Users/itonkdong/miniconda3/envs/big-data/lib/python3.11/site-packages/apache_beam/runners/worker/sdk_worker.py", line 370, in <lambda>
    lambda: self.create_worker().do_instruction(request), request)
            ^^^^^^^^^^^^^^^^^^^^^^^^^^^^^^^^^^^^^^^^^^^^
  File "/Users/itonkdong/miniconda3/envs/big-data/lib/python3.11/site-packages/apache_beam/runners/worker/sdk_worker.py", line 629, in do_instruction
    return getattr(self, request_type)(
           ^^^^^^^^^^^^^^^^^^^^^^^^^^^^
  File "/Users/itonkdong/miniconda3/envs/big-data/lib/python3.11/site-packages/apache_beam/runners/worker/sdk_worker.py", line 667, in process_bundle
    bundle_processor.process_bundle(instruction_id))
    ^^^^^^^^^^^^^^^^^^^^^^^^^^^^^^^^^^^^^^^^^^^^^^^
  File "/Users/itonkdong/miniconda3/envs/big-data/lib/python3.11/site-packages/apache_beam/runners/worker/bundle_processor.py", line 1058, in process_bundle
    self.ops[element.transform_id].process_timer(
  File "pyflink/fn_execution/beam/beam_operations_fast.pyx", line 263, in pyflink.fn_execution.beam.beam_operations_fast.StatefulFunctionOperation.process_timer
  File "pyflink/fn_execution/beam/beam_operations_fast.pyx", line 272, in pyflink.fn_execution.beam.beam_operations_fast.StatefulFunctionOperation.process_timer
  File "pyflink/fn_execution/beam/beam_operations_fast.pyx", line 104, in pyflink.fn_execution.beam.beam_operations_fast.IntermediateOutputProcessor.process_outputs
  File "pyflink/fn_execution/beam/beam_operations_fast.pyx", line 169, in pyflink.fn_execution.beam.beam_operations_fast.FunctionOperation.process
  File "pyflink/fn_execution/beam/beam_operations_fast.pyx", line 193, in pyflink.fn_execution.beam.beam_operations_fast.FunctionOperation.process
  File "pyflink/fn_execution/beam/beam_operations_fast.pyx", line 65, in pyflink.fn_execution.beam.beam_operations_fast.IntermediateInputProcessor.has_next
  File "/Users/itonkdong/miniconda3/envs/big-data/lib/python3.11/site-packages/pyflink/fn_execution/datastream/process/input_handler.py", line 101, in process_timer
    yield from _emit_results(
  File "/Users/itonkdong/miniconda3/envs/big-data/lib/python3.11/site-packages/pyflink/fn_execution/datastream/process/input_handler.py", line 131, in _emit_results
    for result in results:
  File "/Users/itonkdong/miniconda3/envs/big-data/lib/python3.11/site-packages/pyflink/fn_execution/datastream/process/input_handler.py", line 114, in _on_processing_time
    yield from self._on_processing_time_func(timestamp, key, namespace)
TypeError: 'NoneType' object is not iterable

[36mINFO ctx_ctr.jobs.run_realtime_ctr: Loaded current CTR model from Redis: snapshot_name=seed_values_v1[0m
[36mINFO ctx_ctr.jobs.run_realtime_ctr: CTR_PROCESSOR_METRICS {"clicks": 0, "dead_letters": 0, "elapsed_seconds": 65.74121687500156, "events_per_second": 15.195946279781673, "impressions": 999, "processed_events": 999, "valid_events": 999, "window_events": 999, "window_events_per_second": 15.195946279781673, "window_seconds": 65.74121687500156}[0m
Traceback (most recent call last):
  File "/Users/itonkdong/miniconda3/envs/big-data/lib/python3.11/site-packages/apache_beam/runners/worker/sdk_worker.py", line 295, in _execute
    response = task()
               ^^^^^^
  File "/Users/itonkdong/miniconda3/envs/big-data/lib/python3.11/site-packages/apache_beam/runners/worker/sdk_worker.py", line 370, in <lambda>
    lambda: self.create_worker().do_instruction(request), request)
            ^^^^^^^^^^^^^^^^^^^^^^^^^^^^^^^^^^^^^^^^^^^^
  File "/Users/itonkdong/miniconda3/envs/big-data/lib/python3.11/site-packages/apache_beam/runners/worker/sdk_worker.py", line 629, in do_instruction
    return getattr(self, request_type)(
           ^^^^^^^^^^^^^^^^^^^^^^^^^^^^
  File "/Users/itonkdong/miniconda3/envs/big-data/lib/python3.11/site-packages/apache_beam/runners/worker/sdk_worker.py", line 667, in process_bundle
    bundle_processor.process_bundle(instruction_id))
    ^^^^^^^^^^^^^^^^^^^^^^^^^^^^^^^^^^^^^^^^^^^^^^^
  File "/Users/itonkdong/miniconda3/envs/big-data/lib/python3.11/site-packages/apache_beam/runners/worker/bundle_processor.py", line 1058, in process_bundle
    self.ops[element.transform_id].process_timer(
  File "pyflink/fn_execution/beam/beam_operations_fast.pyx", line 263, in pyflink.fn_execution.beam.beam_operations_fast.StatefulFunctionOperation.process_timer
  File "pyflink/fn_execution/beam/beam_operations_fast.pyx", line 272, in pyflink.fn_execution.beam.beam_operations_fast.StatefulFunctionOperation.process_timer
  File "pyflink/fn_execution/beam/beam_operations_fast.pyx", line 104, in pyflink.fn_execution.beam.beam_operations_fast.IntermediateOutputProcessor.process_outputs
  File "pyflink/fn_execution/beam/beam_operations_fast.pyx", line 169, in pyflink.fn_execution.beam.beam_operations_fast.FunctionOperation.process
  File "pyflink/fn_execution/beam/beam_operations_fast.pyx", line 193, in pyflink.fn_execution.beam.beam_operations_fast.FunctionOperation.process
  File "pyflink/fn_execution/beam/beam_operations_fast.pyx", line 65, in pyflink.fn_execution.beam.beam_operations_fast.IntermediateInputProcessor.has_next
  File "/Users/itonkdong/miniconda3/envs/big-data/lib/python3.11/site-packages/pyflink/fn_execution/datastream/process/input_handler.py", line 101, in process_timer
    yield from _emit_results(
  File "/Users/itonkdong/miniconda3/envs/big-data/lib/python3.11/site-packages/pyflink/fn_execution/datastream/process/input_handler.py", line 131, in _emit_results
    for result in results:
  File "/Users/itonkdong/miniconda3/envs/big-data/lib/python3.11/site-packages/pyflink/fn_execution/datastream/process/input_handler.py", line 114, in _on_processing_time
    yield from self._on_processing_time_func(timestamp, key, namespace)
TypeError: 'NoneType' object is not iterable

[32m+=========================== SUCCESS JOB SUMMARY ============================+[0m
[32m|  Job               : Realtime CTR job stopped                              |[0m
[32m|  Status            : SUCCESS                                               |[0m
[32m|  Status            : interrupted by user                                   |[0m
[32m|  Impression Topic  : ctr.impressions                                       |[0m
[32m|  Click Topic       : ctr.clicks                                            |[0m
[32m|  Dead-Letter Topic : ctr.dead-letter                                       |[0m
[32m+============================================================================+[0m
