[36mINFO ctx_ctr.jobs.run_realtime_ctr: Configured realtime CTR job: impression_topic=ctr.impressions, click_topic=ctr.clicks, dead_letter_topic=ctr.dead-letter, consumer_group=ctx-ctr-exp-realtime-performance-baseline, starting_offsets=earliest, parallelism=1, checkpoint_interval_ms=10000, trust_min_impressions=100, trust_max_variance=0.0005, trust_max_ci_width=0.05, metrics_flush_interval_ms=1000, config=configs/run_realtime_ctr.yaml[0m
/Users/itonkdong/miniconda3/envs/big-data/lib/python3.11/site-packages/apache_beam/runners/portability/stager.py:63: UserWarning: pkg_resources is deprecated as an API. See https://setuptools.pypa.io/en/latest/pkg_resources.html. The pkg_resources package is slated for removal as early as 2025-11-30. Refrain from using this package or pin to Setuptools<81.
  import pkg_resources
[36mINFO ctx_ctr.jobs.run_realtime_ctr: Added Kafka connector jar: /Users/itonkdong/Work/Fax/RNMP/ctx-ctr/jars/flink-sql-connector-kafka-3.2.0-1.19.jar[0m
[36mINFO ctx_ctr.jobs.run_realtime_ctr: Starting realtime CTR Flink topology from topics ctr.impressions, ctr.clicks[0m
[36mINFO ctx_ctr.jobs.run_realtime_ctr: Loaded current CTR model from Redis: snapshot_name=seed_values_v1[0m
[36mINFO ctx_ctr.jobs.run_realtime_ctr: CTR_PROCESSOR_METRICS {"clicks": 997, "dead_letters": 0, "elapsed_seconds": 3.9855589579965454, "events_per_second": 1254.529177135393, "impressions": 4003, "processed_events": 5000, "valid_events": 5000, "window_events": 5000, "window_events_per_second": 1254.529177135393, "window_seconds": 3.9855589579965454}[0m
[36mINFO ctx_ctr.jobs.run_realtime_ctr: CTR_PROCESSOR_METRICS {"clicks": 997, "dead_letters": 0, "elapsed_seconds": 5.507513791002566, "events_per_second": 1815.7013090619314, "impressions": 9003, "processed_events": 10000, "valid_events": 10000, "window_events": 5000, "window_events_per_second": 3285.248610252431, "window_seconds": 1.5219548330060206}[0m
[36mINFO ctx_ctr.jobs.run_realtime_ctr: CTR_PROCESSOR_METRICS {"clicks": 997, "dead_letters": 0, "elapsed_seconds": 6.920727332995739, "events_per_second": 2167.402250986679, "impressions": 14003, "processed_events": 15000, "valid_events": 15000, "window_events": 5000, "window_events_per_second": 3538.035725972512, "window_seconds": 1.4132135419931728}[0m
[36mINFO ctx_ctr.jobs.run_realtime_ctr: CTR_PROCESSOR_METRICS {"clicks": 997, "dead_letters": 0, "elapsed_seconds": 8.28447795799002, "events_per_second": 2414.1533240137196, "impressions": 19003, "processed_events": 20000, "valid_events": 20000, "window_events": 5000, "window_events_per_second": 3666.3594563125976, "window_seconds": 1.3637506249942817}[0m
[36mINFO ctx_ctr.jobs.run_realtime_ctr: CTR_PROCESSOR_METRICS {"clicks": 997, "dead_letters": 0, "elapsed_seconds": 10.000204707990633, "events_per_second": 2499.948824049954, "impressions": 24003, "processed_events": 25000, "valid_events": 25000, "window_events": 5000, "window_events_per_second": 2914.2169637433317, "window_seconds": 1.7157267500006128}[0m
[36mINFO ctx_ctr.jobs.run_realtime_ctr: CTR_PROCESSOR_METRICS {"clicks": 997, "dead_letters": 0, "elapsed_seconds": 11.469675582979107, "events_per_second": 2615.592723870911, "impressions": 29003, "processed_events": 30000, "valid_events": 30000, "window_events": 5000, "window_events_per_second": 3402.585301351562, "window_seconds": 1.469470874988474}[0m
[36mINFO ctx_ctr.jobs.run_realtime_ctr: CTR_PROCESSOR_METRICS {"clicks": 997, "dead_letters": 0, "elapsed_seconds": 12.81842595798662, "events_per_second": 2730.444448851614, "impressions": 34003, "processed_events": 35000, "valid_events": 35000, "window_events": 5000, "window_events_per_second": 3707.135206521927, "window_seconds": 1.348750375007512}[0m
[36mINFO ctx_ctr.jobs.run_realtime_ctr: CTR_PROCESSOR_METRICS {"clicks": 997, "dead_letters": 0, "elapsed_seconds": 14.175460750004277, "events_per_second": 2821.7777683161326, "impressions": 39003, "processed_events": 40000, "valid_events": 40000, "window_events": 5000, "window_events_per_second": 3684.5039120669367, "window_seconds": 1.3570347920176573}[0m
[36mINFO ctx_ctr.jobs.run_realtime_ctr: CTR_PROCESSOR_METRICS {"clicks": 997, "dead_letters": 0, "elapsed_seconds": 15.707973082986427, "events_per_second": 2864.787185607051, "impressions": 44003, "processed_events": 45000, "valid_events": 45000, "window_events": 5000, "window_events_per_second": 3262.6164843126485, "window_seconds": 1.5325123329821508}[0m
[36mINFO ctx_ctr.jobs.run_realtime_ctr: CTR_PROCESSOR_METRICS {"clicks": 997, "dead_letters": 0, "elapsed_seconds": 17.299342540994985, "events_per_second": 2890.2832510260364, "impressions": 49003, "processed_events": 50000, "valid_events": 50000, "window_events": 5000, "window_events_per_second": 3141.9479460520806, "window_seconds": 1.5913694580085576}[0m
[36mINFO ctx_ctr.jobs.run_realtime_ctr: CTR_PROCESSOR_METRICS {"clicks": 997, "dead_letters": 0, "elapsed_seconds": 19.00766633299645, "events_per_second": 2682.9700767353806, "impressions": 50000, "processed_events": 50997, "valid_events": 50997, "window_events": 997, "window_events_per_second": 583.6130156753942, "window_seconds": 1.7083237920014653}[0m
[32m+=========================== SUCCESS JOB SUMMARY ============================+[0m
[32m|  Job               : Realtime CTR job stopped                              |[0m
[32m|  Status            : SUCCESS                                               |[0m
[32m|  Status            : interrupted by user                                   |[0m
[32m|  Impression Topic  : ctr.impressions                                       |[0m
[32m|  Click Topic       : ctr.clicks                                            |[0m
[32m|  Dead-Letter Topic : ctr.dead-letter                                       |[0m
[32m+============================================================================+[0m
