[36mINFO ctx_ctr.jobs.run_streaming_weight_update: Configured streaming weight update job: impression_topic=ctr.impressions, click_topic=ctr.clicks, consumer_group=ctx-ctr-exp-full-system-weight, parallelism=1, checkpoint_interval_ms=10000, interval_seconds=4, dry_run=False, config=configs/run_streaming_weight_update.yaml[0m
/Users/itonkdong/miniconda3/envs/big-data/lib/python3.11/site-packages/apache_beam/runners/portability/stager.py:63: UserWarning: pkg_resources is deprecated as an API. See https://setuptools.pypa.io/en/latest/pkg_resources.html. The pkg_resources package is slated for removal as early as 2025-11-30. Refrain from using this package or pin to Setuptools<81.
  import pkg_resources
[36mINFO ctx_ctr.jobs.run_streaming_weight_update: Loaded current model for streaming weight update: snapshot_name=seed_values_v1[0m
[36mINFO ctx_ctr.jobs.run_streaming_weight_update: Registered first streaming weight-update timer at 1782472088191[0m
[36mINFO ctx_ctr.services.weight_update_service: Applied weight update snapshot flink_streaming_weight_update_20260626_110809 with PostgreSQL id 2[0m
[36mINFO ctx_ctr.jobs.run_streaming_weight_update: 
+========================= STREAMING WEIGHT UPDATE ==========================+
|  Job               : Streaming Weight Update Timer                         |
|  Status            : ACCEPTED                                              |
|  Dry Run           : False                                                 |
|  Processed Events  : 126                                                   |
|  Invalid Events    : 0                                                     |
|  Triplets          : 74                                                    |
|  Valid Buckets     : 74                                                    |
|  Invalid Buckets   : 0                                                     |
|  Updated Features  : 0                                                     |
|  Baseline Applied  : True                                                  |
|  Baseline Ci Width : 0.017291                                              |
|  Baseline Guard    : baseline_guards_passed                                |
|  Redis Write       : True                                                  |
|  Postgres Write    : True                                                  |
|  Snapshot          : flink_streaming_weight_update_20260626_110809         |
|  Skip Reason       : none                                                  |
+============================================================================+[0m
[36mINFO ctx_ctr.services.weight_update_service: Applied weight update snapshot flink_streaming_weight_update_20260626_110813 with PostgreSQL id 3[0m
[36mINFO ctx_ctr.jobs.run_streaming_weight_update: 
+========================= STREAMING WEIGHT UPDATE ==========================+
|  Job               : Streaming Weight Update Timer                         |
|  Status            : ACCEPTED                                              |
|  Dry Run           : False                                                 |
|  Processed Events  : 218                                                   |
|  Invalid Events    : 0                                                     |
|  Triplets          : 88                                                    |
|  Valid Buckets     : 88                                                    |
|  Invalid Buckets   : 0                                                     |
|  Updated Features  : 5                                                     |
|  Baseline Applied  : True                                                  |
|  Baseline Ci Width : 0.015664                                              |
|  Baseline Guard    : baseline_guards_passed                                |
|  Redis Write       : True                                                  |
|  Postgres Write    : True                                                  |
|  Snapshot          : flink_streaming_weight_update_20260626_110813         |
|  Skip Reason       : none                                                  |
+============================================================================+[0m
[36mINFO ctx_ctr.services.weight_update_service: Applied weight update snapshot flink_streaming_weight_update_20260626_110816 with PostgreSQL id 4[0m
[36mINFO ctx_ctr.jobs.run_streaming_weight_update: 
+========================= STREAMING WEIGHT UPDATE ==========================+
|  Job               : Streaming Weight Update Timer                         |
|  Status            : ACCEPTED                                              |
|  Dry Run           : False                                                 |
|  Processed Events  : 313                                                   |
|  Invalid Events    : 0                                                     |
|  Triplets          : 96                                                    |
|  Valid Buckets     : 96                                                    |
|  Invalid Buckets   : 0                                                     |
|  Updated Features  : 12                                                    |
|  Baseline Applied  : True                                                  |
|  Baseline Ci Width : 0.014118                                              |
|  Baseline Guard    : baseline_guards_passed                                |
|  Redis Write       : True                                                  |
|  Postgres Write    : True                                                  |
|  Snapshot          : flink_streaming_weight_update_20260626_110816         |
|  Skip Reason       : none                                                  |
+============================================================================+[0m
[36mINFO ctx_ctr.services.weight_update_service: Applied weight update snapshot flink_streaming_weight_update_20260626_110821 with PostgreSQL id 5[0m
[36mINFO ctx_ctr.jobs.run_streaming_weight_update: 
+========================= STREAMING WEIGHT UPDATE ==========================+
|  Job               : Streaming Weight Update Timer                         |
|  Status            : ACCEPTED                                              |
|  Dry Run           : False                                                 |
|  Processed Events  : 401                                                   |
|  Invalid Events    : 0                                                     |
|  Triplets          : 98                                                    |
|  Valid Buckets     : 98                                                    |
|  Invalid Buckets   : 0                                                     |
|  Updated Features  : 14                                                    |
|  Baseline Applied  : True                                                  |
|  Baseline Ci Width : 0.012921                                              |
|  Baseline Guard    : baseline_guards_passed                                |
|  Redis Write       : True                                                  |
|  Postgres Write    : True                                                  |
|  Snapshot          : flink_streaming_weight_update_20260626_110821         |
|  Skip Reason       : none                                                  |
+============================================================================+[0m
[36mINFO ctx_ctr.services.weight_update_service: Applied weight update snapshot flink_streaming_weight_update_20260626_110825 with PostgreSQL id 6[0m
[36mINFO ctx_ctr.jobs.run_streaming_weight_update: 
+========================= STREAMING WEIGHT UPDATE ==========================+
|  Job               : Streaming Weight Update Timer                         |
|  Status            : ACCEPTED                                              |
|  Dry Run           : False                                                 |
|  Processed Events  : 405                                                   |
|  Invalid Events    : 0                                                     |
|  Triplets          : 98                                                    |
|  Valid Buckets     : 98                                                    |
|  Invalid Buckets   : 0                                                     |
|  Updated Features  : 14                                                    |
|  Baseline Applied  : True                                                  |
|  Baseline Ci Width : 0.012580                                              |
|  Baseline Guard    : baseline_guards_passed                                |
|  Redis Write       : True                                                  |
|  Postgres Write    : True                                                  |
|  Snapshot          : flink_streaming_weight_update_20260626_110825         |
|  Skip Reason       : none                                                  |
+============================================================================+[0m
[36mINFO ctx_ctr.services.weight_update_service: Applied weight update snapshot flink_streaming_weight_update_20260626_110830 with PostgreSQL id 7[0m
[36mINFO ctx_ctr.jobs.run_streaming_weight_update: 
+========================= STREAMING WEIGHT UPDATE ==========================+
|  Job               : Streaming Weight Update Timer                         |
|  Status            : ACCEPTED                                              |
|  Dry Run           : False                                                 |
|  Processed Events  : 521                                                   |
|  Invalid Events    : 0                                                     |
|  Triplets          : 99                                                    |
|  Valid Buckets     : 99                                                    |
|  Invalid Buckets   : 0                                                     |
|  Updated Features  : 14                                                    |
|  Baseline Applied  : True                                                  |
|  Baseline Ci Width : 0.012765                                              |
|  Baseline Guard    : baseline_guards_passed                                |
|  Redis Write       : True                                                  |
|  Postgres Write    : True                                                  |
|  Snapshot          : flink_streaming_weight_update_20260626_110830         |
|  Skip Reason       : none                                                  |
+============================================================================+[0m
[36mINFO ctx_ctr.services.weight_update_service: Applied weight update snapshot flink_streaming_weight_update_20260626_110834 with PostgreSQL id 8[0m
[36mINFO ctx_ctr.jobs.run_streaming_weight_update: 
+========================= STREAMING WEIGHT UPDATE ==========================+
|  Job               : Streaming Weight Update Timer                         |
|  Status            : ACCEPTED                                              |
|  Dry Run           : False                                                 |
|  Processed Events  : 693                                                   |
|  Invalid Events    : 0                                                     |
|  Triplets          : 99                                                    |
|  Valid Buckets     : 99                                                    |
|  Invalid Buckets   : 0                                                     |
|  Updated Features  : 14                                                    |
|  Baseline Applied  : True                                                  |
|  Baseline Ci Width : 0.012886                                              |
|  Baseline Guard    : baseline_guards_passed                                |
|  Redis Write       : True                                                  |
|  Postgres Write    : True                                                  |
|  Snapshot          : flink_streaming_weight_update_20260626_110834         |
|  Skip Reason       : none                                                  |
+============================================================================+[0m
[36mINFO ctx_ctr.services.weight_update_service: Applied weight update snapshot flink_streaming_weight_update_20260626_110836 with PostgreSQL id 9[0m
[36mINFO ctx_ctr.jobs.run_streaming_weight_update: 
+========================= STREAMING WEIGHT UPDATE ==========================+
|  Job               : Streaming Weight Update Timer                         |
|  Status            : ACCEPTED                                              |
|  Dry Run           : False                                                 |
|  Processed Events  : 827                                                   |
|  Invalid Events    : 0                                                     |
|  Triplets          : 100                                                   |
|  Valid Buckets     : 100                                                   |
|  Invalid Buckets   : 0                                                     |
|  Updated Features  : 14                                                    |
|  Baseline Applied  : True                                                  |
|  Baseline Ci Width : 0.012222                                              |
|  Baseline Guard    : baseline_guards_passed                                |
|  Redis Write       : True                                                  |
|  Postgres Write    : True                                                  |
|  Snapshot          : flink_streaming_weight_update_20260626_110836         |
|  Skip Reason       : none                                                  |
+============================================================================+[0m
[32m+=========================== SUCCESS JOB SUMMARY ============================+[0m
[32m|  Job              : Streaming weight update job stopped                    |[0m
[32m|  Status           : SUCCESS                                                |[0m
[32m|  Status           : interrupted by user                                    |[0m
[32m|  Impression Topic : ctr.impressions                                        |[0m
[32m|  Click Topic      : ctr.clicks                                             |[0m
[32m+============================================================================+[0m
