[36mINFO ctx_ctr.jobs.run_realtime_ctr: Configured realtime CTR job: impression_topic=ctr.impressions, click_topic=ctr.clicks, dead_letter_topic=ctr.dead-letter, consumer_group=ctx-ctr-exp-realtime-performance-baseline, starting_offsets=earliest, parallelism=1, checkpoint_interval_ms=10000, trust_min_impressions=100, trust_max_variance=0.0005, trust_max_ci_width=0.05, config=configs/run_realtime_ctr.yaml[0m
/Users/itonkdong/miniconda3/envs/big-data/lib/python3.11/site-packages/apache_beam/runners/portability/stager.py:63: UserWarning: pkg_resources is deprecated as an API. See https://setuptools.pypa.io/en/latest/pkg_resources.html. The pkg_resources package is slated for removal as early as 2025-11-30. Refrain from using this package or pin to Setuptools<81.
  import pkg_resources
[36mINFO ctx_ctr.jobs.run_realtime_ctr: Added Kafka connector jar: /Users/itonkdong/Work/Fax/RNMP/ctx-ctr/jars/flink-sql-connector-kafka-3.2.0-1.19.jar[0m
[36mINFO ctx_ctr.jobs.run_realtime_ctr: Starting realtime CTR Flink topology from topics ctr.impressions, ctr.clicks[0m
[36mINFO ctx_ctr.jobs.run_realtime_ctr: Loaded current CTR model from Redis: snapshot_name=seed_values_v1[0m
[36mINFO ctx_ctr.jobs.run_realtime_ctr: CTR_PROCESSOR_METRICS {"clicks": 997, "dead_letters": 0, "elapsed_seconds": 3.64483133298927, "events_per_second": 1371.8055907677085, "impressions": 4003, "processed_events": 5000, "valid_events": 5000, "window_events": 5000, "window_events_per_second": 1371.8055907677085, "window_seconds": 3.64483133298927}[0m
[36mINFO ctx_ctr.jobs.run_realtime_ctr: CTR_PROCESSOR_METRICS {"clicks": 997, "dead_letters": 0, "elapsed_seconds": 5.2118022500071675, "events_per_second": 1918.7220696998331, "impressions": 9003, "processed_events": 10000, "valid_events": 10000, "window_events": 5000, "window_events_per_second": 3190.8696873044078, "window_seconds": 1.5669709170178976}[0m
[36mINFO ctx_ctr.jobs.run_realtime_ctr: CTR_PROCESSOR_METRICS {"clicks": 997, "dead_letters": 0, "elapsed_seconds": 6.842452040989883, "events_per_second": 2192.1965853968895, "impressions": 14003, "processed_events": 15000, "valid_events": 15000, "window_events": 5000, "window_events_per_second": 3066.262313127784, "window_seconds": 1.6306497909827158}[0m
[36mINFO ctx_ctr.jobs.run_realtime_ctr: CTR_PROCESSOR_METRICS {"clicks": 997, "dead_letters": 0, "elapsed_seconds": 8.364560874993913, "events_per_second": 2391.0400436908235, "impressions": 19003, "processed_events": 20000, "valid_events": 20000, "window_events": 5000, "window_events_per_second": 3284.91622169165, "window_seconds": 1.5221088340040296}[0m
[36mINFO ctx_ctr.jobs.run_realtime_ctr: CTR_PROCESSOR_METRICS {"clicks": 997, "dead_letters": 0, "elapsed_seconds": 10.63840454100864, "events_per_second": 2349.9764371274528, "impressions": 24003, "processed_events": 25000, "valid_events": 25000, "window_events": 5000, "window_events_per_second": 2198.9198618756827, "window_seconds": 2.273843666014727}[0m
[36mINFO ctx_ctr.jobs.run_realtime_ctr: CTR_PROCESSOR_METRICS {"clicks": 997, "dead_letters": 0, "elapsed_seconds": 12.233067249995656, "events_per_second": 2452.3694170005197, "impressions": 29003, "processed_events": 30000, "valid_events": 30000, "window_events": 5000, "window_events_per_second": 3135.459286670201, "window_seconds": 1.5946627089870162}[0m
[36mINFO ctx_ctr.jobs.run_realtime_ctr: CTR_PROCESSOR_METRICS {"clicks": 997, "dead_letters": 0, "elapsed_seconds": 13.682212375017116, "events_per_second": 2558.065833264499, "impressions": 34003, "processed_events": 35000, "valid_events": 35000, "window_events": 5000, "window_events_per_second": 3450.310057749363, "window_seconds": 1.4491451250214595}[0m
[36mINFO ctx_ctr.jobs.run_realtime_ctr: CTR_PROCESSOR_METRICS {"clicks": 997, "dead_letters": 0, "elapsed_seconds": 15.129573749989504, "events_per_second": 2643.828614142401, "impressions": 39003, "processed_events": 40000, "valid_events": 40000, "window_events": 5000, "window_events_per_second": 3454.562272048601, "window_seconds": 1.4473613749723881}[0m
[36mINFO ctx_ctr.jobs.run_realtime_ctr: CTR_PROCESSOR_METRICS {"clicks": 997, "dead_letters": 0, "elapsed_seconds": 16.584646625007736, "events_per_second": 2713.3529593657536, "impressions": 44003, "processed_events": 45000, "valid_events": 45000, "window_events": 5000, "window_events_per_second": 3436.254008884161, "window_seconds": 1.4550728750182316}[0m
[36mINFO ctx_ctr.jobs.run_realtime_ctr: CTR_PROCESSOR_METRICS {"clicks": 997, "dead_letters": 0, "elapsed_seconds": 17.94607737500337, "events_per_second": 2786.124173834429, "impressions": 49003, "processed_events": 50000, "valid_events": 50000, "window_events": 5000, "window_events_per_second": 3672.6069247488604, "window_seconds": 1.361430749995634}[0m
[32m+=========================== SUCCESS JOB SUMMARY ============================+[0m
[32m|  Job               : Realtime CTR job stopped                              |[0m
[32m|  Status            : SUCCESS                                               |[0m
[32m|  Status            : interrupted by user                                   |[0m
[32m|  Impression Topic  : ctr.impressions                                       |[0m
[32m|  Click Topic       : ctr.clicks                                            |[0m
[32m|  Dead-Letter Topic : ctr.dead-letter                                       |[0m
[32m+============================================================================+[0m
