[36mINFO ctx_ctr.jobs.run_streaming_weight_update: Configured streaming weight update job: impression_topic=ctr.impressions, click_topic=ctr.clicks, consumer_group=ctx-ctr-exp-full-system-weight, parallelism=1, checkpoint_interval_ms=10000, interval_seconds=4, dry_run=False, config=configs/run_streaming_weight_update.yaml[0m
/Users/itonkdong/miniconda3/envs/big-data/lib/python3.11/site-packages/apache_beam/runners/portability/stager.py:63: UserWarning: pkg_resources is deprecated as an API. See https://setuptools.pypa.io/en/latest/pkg_resources.html. The pkg_resources package is slated for removal as early as 2025-11-30. Refrain from using this package or pin to Setuptools<81.
  import pkg_resources
[36mINFO ctx_ctr.jobs.run_streaming_weight_update: Loaded current model for streaming weight update: snapshot_name=seed_values_v1[0m
[36mINFO ctx_ctr.jobs.run_streaming_weight_update: Registered first streaming weight-update timer at 1782469230820[0m
[36mINFO ctx_ctr.services.weight_update_service: Applied weight update snapshot flink_streaming_weight_update_20260626_102032 with PostgreSQL id 2[0m
[36mINFO ctx_ctr.jobs.run_streaming_weight_update: 
+========================= STREAMING WEIGHT UPDATE ==========================+
|  Job               : Streaming Weight Update Timer                         |
|  Status            : ACCEPTED                                              |
|  Dry Run           : False                                                 |
|  Processed Events  : 165                                                   |
|  Invalid Events    : 0                                                     |
|  Triplets          : 78                                                    |
|  Valid Buckets     : 78                                                    |
|  Invalid Buckets   : 0                                                     |
|  Updated Features  : 0                                                     |
|  Baseline Applied  : True                                                  |
|  Baseline Ci Width : 0.017021                                              |
|  Baseline Guard    : baseline_guards_passed                                |
|  Redis Write       : True                                                  |
|  Postgres Write    : True                                                  |
|  Snapshot          : flink_streaming_weight_update_20260626_102032         |
|  Skip Reason       : none                                                  |
+============================================================================+[0m
[36mINFO ctx_ctr.services.weight_update_service: Applied weight update snapshot flink_streaming_weight_update_20260626_102036 with PostgreSQL id 3[0m
[36mINFO ctx_ctr.jobs.run_streaming_weight_update: 
+========================= STREAMING WEIGHT UPDATE ==========================+
|  Job               : Streaming Weight Update Timer                         |
|  Status            : ACCEPTED                                              |
|  Dry Run           : False                                                 |
|  Processed Events  : 247                                                   |
|  Invalid Events    : 0                                                     |
|  Triplets          : 91                                                    |
|  Valid Buckets     : 91                                                    |
|  Invalid Buckets   : 0                                                     |
|  Updated Features  : 8                                                     |
|  Baseline Applied  : True                                                  |
|  Baseline Ci Width : 0.015844                                              |
|  Baseline Guard    : baseline_guards_passed                                |
|  Redis Write       : True                                                  |
|  Postgres Write    : True                                                  |
|  Snapshot          : flink_streaming_weight_update_20260626_102036         |
|  Skip Reason       : none                                                  |
+============================================================================+[0m
[36mINFO ctx_ctr.services.weight_update_service: Applied weight update snapshot flink_streaming_weight_update_20260626_102040 with PostgreSQL id 4[0m
[36mINFO ctx_ctr.jobs.run_streaming_weight_update: 
+========================= STREAMING WEIGHT UPDATE ==========================+
|  Job               : Streaming Weight Update Timer                         |
|  Status            : ACCEPTED                                              |
|  Dry Run           : False                                                 |
|  Processed Events  : 338                                                   |
|  Invalid Events    : 0                                                     |
|  Triplets          : 97                                                    |
|  Valid Buckets     : 97                                                    |
|  Invalid Buckets   : 0                                                     |
|  Updated Features  : 14                                                    |
|  Baseline Applied  : True                                                  |
|  Baseline Ci Width : 0.014532                                              |
|  Baseline Guard    : baseline_guards_passed                                |
|  Redis Write       : True                                                  |
|  Postgres Write    : True                                                  |
|  Snapshot          : flink_streaming_weight_update_20260626_102040         |
|  Skip Reason       : none                                                  |
+============================================================================+[0m
[36mINFO ctx_ctr.services.weight_update_service: Applied weight update snapshot flink_streaming_weight_update_20260626_102043 with PostgreSQL id 5[0m
[36mINFO ctx_ctr.jobs.run_streaming_weight_update: 
+========================= STREAMING WEIGHT UPDATE ==========================+
|  Job               : Streaming Weight Update Timer                         |
|  Status            : ACCEPTED                                              |
|  Dry Run           : False                                                 |
|  Processed Events  : 394                                                   |
|  Invalid Events    : 0                                                     |
|  Triplets          : 97                                                    |
|  Valid Buckets     : 97                                                    |
|  Invalid Buckets   : 0                                                     |
|  Updated Features  : 14                                                    |
|  Baseline Applied  : True                                                  |
|  Baseline Ci Width : 0.013374                                              |
|  Baseline Guard    : baseline_guards_passed                                |
|  Redis Write       : True                                                  |
|  Postgres Write    : True                                                  |
|  Snapshot          : flink_streaming_weight_update_20260626_102043         |
|  Skip Reason       : none                                                  |
+============================================================================+[0m
[36mINFO ctx_ctr.services.weight_update_service: Applied weight update snapshot flink_streaming_weight_update_20260626_102047 with PostgreSQL id 6[0m
[36mINFO ctx_ctr.jobs.run_streaming_weight_update: 
+========================= STREAMING WEIGHT UPDATE ==========================+
|  Job               : Streaming Weight Update Timer                         |
|  Status            : ACCEPTED                                              |
|  Dry Run           : False                                                 |
|  Processed Events  : 405                                                   |
|  Invalid Events    : 0                                                     |
|  Triplets          : 98                                                    |
|  Valid Buckets     : 98                                                    |
|  Invalid Buckets   : 0                                                     |
|  Updated Features  : 14                                                    |
|  Baseline Applied  : True                                                  |
|  Baseline Ci Width : 0.012809                                              |
|  Baseline Guard    : baseline_guards_passed                                |
|  Redis Write       : True                                                  |
|  Postgres Write    : True                                                  |
|  Snapshot          : flink_streaming_weight_update_20260626_102047         |
|  Skip Reason       : none                                                  |
+============================================================================+[0m
[36mINFO ctx_ctr.services.weight_update_service: Applied weight update snapshot flink_streaming_weight_update_20260626_102052 with PostgreSQL id 7[0m
[36mINFO ctx_ctr.jobs.run_streaming_weight_update: 
+========================= STREAMING WEIGHT UPDATE ==========================+
|  Job               : Streaming Weight Update Timer                         |
|  Status            : ACCEPTED                                              |
|  Dry Run           : False                                                 |
|  Processed Events  : 551                                                   |
|  Invalid Events    : 0                                                     |
|  Triplets          : 99                                                    |
|  Valid Buckets     : 99                                                    |
|  Invalid Buckets   : 0                                                     |
|  Updated Features  : 14                                                    |
|  Baseline Applied  : True                                                  |
|  Baseline Ci Width : 0.013271                                              |
|  Baseline Guard    : baseline_guards_passed                                |
|  Redis Write       : True                                                  |
|  Postgres Write    : True                                                  |
|  Snapshot          : flink_streaming_weight_update_20260626_102052         |
|  Skip Reason       : none                                                  |
+============================================================================+[0m
[36mINFO ctx_ctr.services.weight_update_service: Applied weight update snapshot flink_streaming_weight_update_20260626_102056 with PostgreSQL id 8[0m
[36mINFO ctx_ctr.jobs.run_streaming_weight_update: 
+========================= STREAMING WEIGHT UPDATE ==========================+
|  Job               : Streaming Weight Update Timer                         |
|  Status            : ACCEPTED                                              |
|  Dry Run           : False                                                 |
|  Processed Events  : 703                                                   |
|  Invalid Events    : 0                                                     |
|  Triplets          : 99                                                    |
|  Valid Buckets     : 99                                                    |
|  Invalid Buckets   : 0                                                     |
|  Updated Features  : 14                                                    |
|  Baseline Applied  : True                                                  |
|  Baseline Ci Width : 0.013028                                              |
|  Baseline Guard    : baseline_guards_passed                                |
|  Redis Write       : True                                                  |
|  Postgres Write    : True                                                  |
|  Snapshot          : flink_streaming_weight_update_20260626_102056         |
|  Skip Reason       : none                                                  |
+============================================================================+[0m
[36mINFO ctx_ctr.services.weight_update_service: Applied weight update snapshot flink_streaming_weight_update_20260626_102100 with PostgreSQL id 9[0m
[36mINFO ctx_ctr.jobs.run_streaming_weight_update: 
+========================= STREAMING WEIGHT UPDATE ==========================+
|  Job               : Streaming Weight Update Timer                         |
|  Status            : ACCEPTED                                              |
|  Dry Run           : False                                                 |
|  Processed Events  : 874                                                   |
|  Invalid Events    : 0                                                     |
|  Triplets          : 100                                                   |
|  Valid Buckets     : 100                                                   |
|  Invalid Buckets   : 0                                                     |
|  Updated Features  : 14                                                    |
|  Baseline Applied  : True                                                  |
|  Baseline Ci Width : 0.012823                                              |
|  Baseline Guard    : baseline_guards_passed                                |
|  Redis Write       : True                                                  |
|  Postgres Write    : True                                                  |
|  Snapshot          : flink_streaming_weight_update_20260626_102100         |
|  Skip Reason       : none                                                  |
+============================================================================+[0m
[36mINFO ctx_ctr.services.weight_update_service: Applied weight update snapshot flink_streaming_weight_update_20260626_102103 with PostgreSQL id 10[0m
[36mINFO ctx_ctr.jobs.run_streaming_weight_update: 
+========================= STREAMING WEIGHT UPDATE ==========================+
|  Job               : Streaming Weight Update Timer                         |
|  Status            : ACCEPTED                                              |
|  Dry Run           : False                                                 |
|  Processed Events  : 977                                                   |
|  Invalid Events    : 0                                                     |
|  Triplets          : 100                                                   |
|  Valid Buckets     : 100                                                   |
|  Invalid Buckets   : 0                                                     |
|  Updated Features  : 14                                                    |
|  Baseline Applied  : True                                                  |
|  Baseline Ci Width : 0.012544                                              |
|  Baseline Guard    : baseline_guards_passed                                |
|  Redis Write       : True                                                  |
|  Postgres Write    : True                                                  |
|  Snapshot          : flink_streaming_weight_update_20260626_102103         |
|  Skip Reason       : none                                                  |
+============================================================================+[0m
[36mINFO ctx_ctr.services.weight_update_service: Applied weight update snapshot flink_streaming_weight_update_20260626_102107 with PostgreSQL id 11[0m
[36mINFO ctx_ctr.jobs.run_streaming_weight_update: 
+========================= STREAMING WEIGHT UPDATE ==========================+
|  Job               : Streaming Weight Update Timer                         |
|  Status            : ACCEPTED                                              |
|  Dry Run           : False                                                 |
|  Processed Events  : 1133                                                  |
|  Invalid Events    : 0                                                     |
|  Triplets          : 100                                                   |
|  Valid Buckets     : 100                                                   |
|  Invalid Buckets   : 0                                                     |
|  Updated Features  : 14                                                    |
|  Baseline Applied  : True                                                  |
|  Baseline Ci Width : 0.012105                                              |
|  Baseline Guard    : baseline_guards_passed                                |
|  Redis Write       : True                                                  |
|  Postgres Write    : True                                                  |
|  Snapshot          : flink_streaming_weight_update_20260626_102107         |
|  Skip Reason       : none                                                  |
+============================================================================+[0m
[36mINFO ctx_ctr.services.weight_update_service: Applied weight update snapshot flink_streaming_weight_update_20260626_102111 with PostgreSQL id 12[0m
[36mINFO ctx_ctr.jobs.run_streaming_weight_update: 
+========================= STREAMING WEIGHT UPDATE ==========================+
|  Job               : Streaming Weight Update Timer                         |
|  Status            : ACCEPTED                                              |
|  Dry Run           : False                                                 |
|  Processed Events  : 1305                                                  |
|  Invalid Events    : 0                                                     |
|  Triplets          : 100                                                   |
|  Valid Buckets     : 100                                                   |
|  Invalid Buckets   : 0                                                     |
|  Updated Features  : 14                                                    |
|  Baseline Applied  : True                                                  |
|  Baseline Ci Width : 0.011747                                              |
|  Baseline Guard    : baseline_guards_passed                                |
|  Redis Write       : True                                                  |
|  Postgres Write    : True                                                  |
|  Snapshot          : flink_streaming_weight_update_20260626_102111         |
|  Skip Reason       : none                                                  |
+============================================================================+[0m
[36mINFO ctx_ctr.services.weight_update_service: Applied weight update snapshot flink_streaming_weight_update_20260626_102116 with PostgreSQL id 13[0m
[36mINFO ctx_ctr.jobs.run_streaming_weight_update: 
+========================= STREAMING WEIGHT UPDATE ==========================+
|  Job               : Streaming Weight Update Timer                         |
|  Status            : ACCEPTED                                              |
|  Dry Run           : False                                                 |
|  Processed Events  : 1562                                                  |
|  Invalid Events    : 0                                                     |
|  Triplets          : 100                                                   |
|  Valid Buckets     : 100                                                   |
|  Invalid Buckets   : 0                                                     |
|  Updated Features  : 14                                                    |
|  Baseline Applied  : True                                                  |
|  Baseline Ci Width : 0.010948                                              |
|  Baseline Guard    : baseline_guards_passed                                |
|  Redis Write       : True                                                  |
|  Postgres Write    : True                                                  |
|  Snapshot          : flink_streaming_weight_update_20260626_102116         |
|  Skip Reason       : none                                                  |
+============================================================================+[0m
[36mINFO ctx_ctr.services.weight_update_service: Applied weight update snapshot flink_streaming_weight_update_20260626_102120 with PostgreSQL id 14[0m
[36mINFO ctx_ctr.jobs.run_streaming_weight_update: 
+========================= STREAMING WEIGHT UPDATE ==========================+
|  Job               : Streaming Weight Update Timer                         |
|  Status            : ACCEPTED                                              |
|  Dry Run           : False                                                 |
|  Processed Events  : 1638                                                  |
|  Invalid Events    : 0                                                     |
|  Triplets          : 100                                                   |
|  Valid Buckets     : 100                                                   |
|  Invalid Buckets   : 0                                                     |
|  Updated Features  : 14                                                    |
|  Baseline Applied  : True                                                  |
|  Baseline Ci Width : 0.010888                                              |
|  Baseline Guard    : baseline_guards_passed                                |
|  Redis Write       : True                                                  |
|  Postgres Write    : True                                                  |
|  Snapshot          : flink_streaming_weight_update_20260626_102120         |
|  Skip Reason       : none                                                  |
+============================================================================+[0m
[36mINFO ctx_ctr.services.weight_update_service: Applied weight update snapshot flink_streaming_weight_update_20260626_102123 with PostgreSQL id 15[0m
[36mINFO ctx_ctr.jobs.run_streaming_weight_update: 
+========================= STREAMING WEIGHT UPDATE ==========================+
|  Job               : Streaming Weight Update Timer                         |
|  Status            : ACCEPTED                                              |
|  Dry Run           : False                                                 |
|  Processed Events  : 1638                                                  |
|  Invalid Events    : 0                                                     |
|  Triplets          : 100                                                   |
|  Valid Buckets     : 100                                                   |
|  Invalid Buckets   : 0                                                     |
|  Updated Features  : 14                                                    |
|  Baseline Applied  : True                                                  |
|  Baseline Ci Width : 0.010920                                              |
|  Baseline Guard    : baseline_guards_passed                                |
|  Redis Write       : True                                                  |
|  Postgres Write    : True                                                  |
|  Snapshot          : flink_streaming_weight_update_20260626_102123         |
|  Skip Reason       : none                                                  |
+============================================================================+[0m
[36mINFO ctx_ctr.services.weight_update_service: Applied weight update snapshot flink_streaming_weight_update_20260626_102128 with PostgreSQL id 16[0m
[36mINFO ctx_ctr.jobs.run_streaming_weight_update: 
+========================= STREAMING WEIGHT UPDATE ==========================+
|  Job               : Streaming Weight Update Timer                         |
|  Status            : ACCEPTED                                              |
|  Dry Run           : False                                                 |
|  Processed Events  : 1818                                                  |
|  Invalid Events    : 0                                                     |
|  Triplets          : 100                                                   |
|  Valid Buckets     : 100                                                   |
|  Invalid Buckets   : 0                                                     |
|  Updated Features  : 14                                                    |
|  Baseline Applied  : True                                                  |
|  Baseline Ci Width : 0.010379                                              |
|  Baseline Guard    : baseline_guards_passed                                |
|  Redis Write       : True                                                  |
|  Postgres Write    : True                                                  |
|  Snapshot          : flink_streaming_weight_update_20260626_102128         |
|  Skip Reason       : none                                                  |
+============================================================================+[0m
[36mINFO ctx_ctr.services.weight_update_service: Applied weight update snapshot flink_streaming_weight_update_20260626_102132 with PostgreSQL id 17[0m
[36mINFO ctx_ctr.jobs.run_streaming_weight_update: 
+========================= STREAMING WEIGHT UPDATE ==========================+
|  Job               : Streaming Weight Update Timer                         |
|  Status            : ACCEPTED                                              |
|  Dry Run           : False                                                 |
|  Processed Events  : 2043                                                  |
|  Invalid Events    : 0                                                     |
|  Triplets          : 100                                                   |
|  Valid Buckets     : 100                                                   |
|  Invalid Buckets   : 0                                                     |
|  Updated Features  : 14                                                    |
|  Baseline Applied  : True                                                  |
|  Baseline Ci Width : 0.009616                                              |
|  Baseline Guard    : baseline_guards_passed                                |
|  Redis Write       : True                                                  |
|  Postgres Write    : True                                                  |
|  Snapshot          : flink_streaming_weight_update_20260626_102132         |
|  Skip Reason       : none                                                  |
+============================================================================+[0m
[36mINFO ctx_ctr.services.weight_update_service: Applied weight update snapshot flink_streaming_weight_update_20260626_102135 with PostgreSQL id 18[0m
[36mINFO ctx_ctr.jobs.run_streaming_weight_update: 
+========================= STREAMING WEIGHT UPDATE ==========================+
|  Job               : Streaming Weight Update Timer                         |
|  Status            : ACCEPTED                                              |
|  Dry Run           : False                                                 |
|  Processed Events  : 2043                                                  |
|  Invalid Events    : 0                                                     |
|  Triplets          : 100                                                   |
|  Valid Buckets     : 100                                                   |
|  Invalid Buckets   : 0                                                     |
|  Updated Features  : 14                                                    |
|  Baseline Applied  : True                                                  |
|  Baseline Ci Width : 0.009557                                              |
|  Baseline Guard    : baseline_guards_passed                                |
|  Redis Write       : True                                                  |
|  Postgres Write    : True                                                  |
|  Snapshot          : flink_streaming_weight_update_20260626_102135         |
|  Skip Reason       : none                                                  |
+============================================================================+[0m
[36mINFO ctx_ctr.services.weight_update_service: Applied weight update snapshot flink_streaming_weight_update_20260626_102139 with PostgreSQL id 19[0m
[36mINFO ctx_ctr.jobs.run_streaming_weight_update: 
+========================= STREAMING WEIGHT UPDATE ==========================+
|  Job               : Streaming Weight Update Timer                         |
|  Status            : ACCEPTED                                              |
|  Dry Run           : False                                                 |
|  Processed Events  : 2043                                                  |
|  Invalid Events    : 0                                                     |
|  Triplets          : 100                                                   |
|  Valid Buckets     : 100                                                   |
|  Invalid Buckets   : 0                                                     |
|  Updated Features  : 14                                                    |
|  Baseline Applied  : True                                                  |
|  Baseline Ci Width : 0.009545                                              |
|  Baseline Guard    : baseline_guards_passed                                |
|  Redis Write       : True                                                  |
|  Postgres Write    : True                                                  |
|  Snapshot          : flink_streaming_weight_update_20260626_102139         |
|  Skip Reason       : none                                                  |
+============================================================================+[0m
[36mINFO ctx_ctr.services.weight_update_service: Applied weight update snapshot flink_streaming_weight_update_20260626_102143 with PostgreSQL id 20[0m
[36mINFO ctx_ctr.jobs.run_streaming_weight_update: 
+========================= STREAMING WEIGHT UPDATE ==========================+
|  Job               : Streaming Weight Update Timer                         |
|  Status            : ACCEPTED                                              |
|  Dry Run           : False                                                 |
|  Processed Events  : 2043                                                  |
|  Invalid Events    : 0                                                     |
|  Triplets          : 100                                                   |
|  Valid Buckets     : 100                                                   |
|  Invalid Buckets   : 0                                                     |
|  Updated Features  : 14                                                    |
|  Baseline Applied  : True                                                  |
|  Baseline Ci Width : 0.009543                                              |
|  Baseline Guard    : baseline_guards_passed                                |
|  Redis Write       : True                                                  |
|  Postgres Write    : True                                                  |
|  Snapshot          : flink_streaming_weight_update_20260626_102143         |
|  Skip Reason       : none                                                  |
+============================================================================+[0m
[32m+=========================== SUCCESS JOB SUMMARY ============================+[0m
[32m|  Job              : Streaming weight update job stopped                    |[0m
[32m|  Status           : SUCCESS                                                |[0m
[32m|  Status           : interrupted by user                                    |[0m
[32m|  Impression Topic : ctr.impressions                                        |[0m
[32m|  Click Topic      : ctr.clicks                                             |[0m
[32m+============================================================================+[0m
