[36mINFO ctx_ctr.jobs.run_streaming_weight_update: Configured streaming weight update job: impression_topic=ctr.impressions, click_topic=ctr.clicks, consumer_group=ctx-ctr-exp-full-system-weight, parallelism=1, checkpoint_interval_ms=10000, interval_seconds=4, dry_run=False, config=configs/run_streaming_weight_update.yaml[0m
/Users/itonkdong/miniconda3/envs/big-data/lib/python3.11/site-packages/apache_beam/runners/portability/stager.py:63: UserWarning: pkg_resources is deprecated as an API. See https://setuptools.pypa.io/en/latest/pkg_resources.html. The pkg_resources package is slated for removal as early as 2025-11-30. Refrain from using this package or pin to Setuptools<81.
  import pkg_resources
[36mINFO ctx_ctr.jobs.run_streaming_weight_update: Loaded current model for streaming weight update: snapshot_name=seed_values_v1[0m
[36mINFO ctx_ctr.jobs.run_streaming_weight_update: Registered first streaming weight-update timer at 1782469442959[0m
[36mINFO ctx_ctr.services.weight_update_service: Applied weight update snapshot flink_streaming_weight_update_20260626_102404 with PostgreSQL id 2[0m
[36mINFO ctx_ctr.jobs.run_streaming_weight_update: 
+========================= STREAMING WEIGHT UPDATE ==========================+
|  Job               : Streaming Weight Update Timer                         |
|  Status            : ACCEPTED                                              |
|  Dry Run           : False                                                 |
|  Processed Events  : 148                                                   |
|  Invalid Events    : 0                                                     |
|  Triplets          : 77                                                    |
|  Valid Buckets     : 77                                                    |
|  Invalid Buckets   : 0                                                     |
|  Updated Features  : 0                                                     |
|  Baseline Applied  : True                                                  |
|  Baseline Ci Width : 0.016708                                              |
|  Baseline Guard    : baseline_guards_passed                                |
|  Redis Write       : True                                                  |
|  Postgres Write    : True                                                  |
|  Snapshot          : flink_streaming_weight_update_20260626_102404         |
|  Skip Reason       : none                                                  |
+============================================================================+[0m
[36mINFO ctx_ctr.services.weight_update_service: Applied weight update snapshot flink_streaming_weight_update_20260626_102407 with PostgreSQL id 3[0m
[36mINFO ctx_ctr.jobs.run_streaming_weight_update: 
+========================= STREAMING WEIGHT UPDATE ==========================+
|  Job               : Streaming Weight Update Timer                         |
|  Status            : ACCEPTED                                              |
|  Dry Run           : False                                                 |
|  Processed Events  : 195                                                   |
|  Invalid Events    : 0                                                     |
|  Triplets          : 82                                                    |
|  Valid Buckets     : 82                                                    |
|  Invalid Buckets   : 0                                                     |
|  Updated Features  : 4                                                     |
|  Baseline Applied  : True                                                  |
|  Baseline Ci Width : 0.015977                                              |
|  Baseline Guard    : baseline_guards_passed                                |
|  Redis Write       : True                                                  |
|  Postgres Write    : True                                                  |
|  Snapshot          : flink_streaming_weight_update_20260626_102407         |
|  Skip Reason       : none                                                  |
+============================================================================+[0m
[36mINFO ctx_ctr.services.weight_update_service: Applied weight update snapshot flink_streaming_weight_update_20260626_102411 with PostgreSQL id 4[0m
[36mINFO ctx_ctr.jobs.run_streaming_weight_update: 
+========================= STREAMING WEIGHT UPDATE ==========================+
|  Job               : Streaming Weight Update Timer                         |
|  Status            : ACCEPTED                                              |
|  Dry Run           : False                                                 |
|  Processed Events  : 285                                                   |
|  Invalid Events    : 0                                                     |
|  Triplets          : 94                                                    |
|  Valid Buckets     : 94                                                    |
|  Invalid Buckets   : 0                                                     |
|  Updated Features  : 10                                                    |
|  Baseline Applied  : True                                                  |
|  Baseline Ci Width : 0.014654                                              |
|  Baseline Guard    : baseline_guards_passed                                |
|  Redis Write       : True                                                  |
|  Postgres Write    : True                                                  |
|  Snapshot          : flink_streaming_weight_update_20260626_102411         |
|  Skip Reason       : none                                                  |
+============================================================================+[0m
[36mINFO ctx_ctr.services.weight_update_service: Applied weight update snapshot flink_streaming_weight_update_20260626_102415 with PostgreSQL id 5[0m
[36mINFO ctx_ctr.jobs.run_streaming_weight_update: 
+========================= STREAMING WEIGHT UPDATE ==========================+
|  Job               : Streaming Weight Update Timer                         |
|  Status            : ACCEPTED                                              |
|  Dry Run           : False                                                 |
|  Processed Events  : 376                                                   |
|  Invalid Events    : 0                                                     |
|  Triplets          : 97                                                    |
|  Valid Buckets     : 97                                                    |
|  Invalid Buckets   : 0                                                     |
|  Updated Features  : 14                                                    |
|  Baseline Applied  : True                                                  |
|  Baseline Ci Width : 0.013448                                              |
|  Baseline Guard    : baseline_guards_passed                                |
|  Redis Write       : True                                                  |
|  Postgres Write    : True                                                  |
|  Snapshot          : flink_streaming_weight_update_20260626_102415         |
|  Skip Reason       : none                                                  |
+============================================================================+[0m
[36mINFO ctx_ctr.services.weight_update_service: Applied weight update snapshot flink_streaming_weight_update_20260626_102419 with PostgreSQL id 6[0m
[36mINFO ctx_ctr.jobs.run_streaming_weight_update: 
+========================= STREAMING WEIGHT UPDATE ==========================+
|  Job               : Streaming Weight Update Timer                         |
|  Status            : ACCEPTED                                              |
|  Dry Run           : False                                                 |
|  Processed Events  : 405                                                   |
|  Invalid Events    : 0                                                     |
|  Triplets          : 98                                                    |
|  Valid Buckets     : 98                                                    |
|  Invalid Buckets   : 0                                                     |
|  Updated Features  : 14                                                    |
|  Baseline Applied  : True                                                  |
|  Baseline Ci Width : 0.012774                                              |
|  Baseline Guard    : baseline_guards_passed                                |
|  Redis Write       : True                                                  |
|  Postgres Write    : True                                                  |
|  Snapshot          : flink_streaming_weight_update_20260626_102419         |
|  Skip Reason       : none                                                  |
+============================================================================+[0m
[36mINFO ctx_ctr.services.weight_update_service: Applied weight update snapshot flink_streaming_weight_update_20260626_102424 with PostgreSQL id 7[0m
[36mINFO ctx_ctr.jobs.run_streaming_weight_update: 
+========================= STREAMING WEIGHT UPDATE ==========================+
|  Job               : Streaming Weight Update Timer                         |
|  Status            : ACCEPTED                                              |
|  Dry Run           : False                                                 |
|  Processed Events  : 517                                                   |
|  Invalid Events    : 0                                                     |
|  Triplets          : 99                                                    |
|  Valid Buckets     : 99                                                    |
|  Invalid Buckets   : 0                                                     |
|  Updated Features  : 14                                                    |
|  Baseline Applied  : True                                                  |
|  Baseline Ci Width : 0.012900                                              |
|  Baseline Guard    : baseline_guards_passed                                |
|  Redis Write       : True                                                  |
|  Postgres Write    : True                                                  |
|  Snapshot          : flink_streaming_weight_update_20260626_102424         |
|  Skip Reason       : none                                                  |
+============================================================================+[0m
[36mINFO ctx_ctr.services.weight_update_service: Applied weight update snapshot flink_streaming_weight_update_20260626_102427 with PostgreSQL id 8[0m
[36mINFO ctx_ctr.jobs.run_streaming_weight_update: 
+========================= STREAMING WEIGHT UPDATE ==========================+
|  Job               : Streaming Weight Update Timer                         |
|  Status            : ACCEPTED                                              |
|  Dry Run           : False                                                 |
|  Processed Events  : 602                                                   |
|  Invalid Events    : 0                                                     |
|  Triplets          : 99                                                    |
|  Valid Buckets     : 99                                                    |
|  Invalid Buckets   : 0                                                     |
|  Updated Features  : 14                                                    |
|  Baseline Applied  : True                                                  |
|  Baseline Ci Width : 0.013328                                              |
|  Baseline Guard    : baseline_guards_passed                                |
|  Redis Write       : True                                                  |
|  Postgres Write    : True                                                  |
|  Snapshot          : flink_streaming_weight_update_20260626_102427         |
|  Skip Reason       : none                                                  |
+============================================================================+[0m
[36mINFO ctx_ctr.services.weight_update_service: Applied weight update snapshot flink_streaming_weight_update_20260626_102431 with PostgreSQL id 9[0m
[36mINFO ctx_ctr.jobs.run_streaming_weight_update: 
+========================= STREAMING WEIGHT UPDATE ==========================+
|  Job               : Streaming Weight Update Timer                         |
|  Status            : ACCEPTED                                              |
|  Dry Run           : False                                                 |
|  Processed Events  : 816                                                   |
|  Invalid Events    : 0                                                     |
|  Triplets          : 100                                                   |
|  Valid Buckets     : 100                                                   |
|  Invalid Buckets   : 0                                                     |
|  Updated Features  : 14                                                    |
|  Baseline Applied  : True                                                  |
|  Baseline Ci Width : 0.012299                                              |
|  Baseline Guard    : baseline_guards_passed                                |
|  Redis Write       : True                                                  |
|  Postgres Write    : True                                                  |
|  Snapshot          : flink_streaming_weight_update_20260626_102431         |
|  Skip Reason       : none                                                  |
+============================================================================+[0m
[36mINFO ctx_ctr.services.weight_update_service: Applied weight update snapshot flink_streaming_weight_update_20260626_102435 with PostgreSQL id 10[0m
[36mINFO ctx_ctr.jobs.run_streaming_weight_update: 
+========================= STREAMING WEIGHT UPDATE ==========================+
|  Job               : Streaming Weight Update Timer                         |
|  Status            : ACCEPTED                                              |
|  Dry Run           : False                                                 |
|  Processed Events  : 940                                                   |
|  Invalid Events    : 0                                                     |
|  Triplets          : 100                                                   |
|  Valid Buckets     : 100                                                   |
|  Invalid Buckets   : 0                                                     |
|  Updated Features  : 14                                                    |
|  Baseline Applied  : True                                                  |
|  Baseline Ci Width : 0.012401                                              |
|  Baseline Guard    : baseline_guards_passed                                |
|  Redis Write       : True                                                  |
|  Postgres Write    : True                                                  |
|  Snapshot          : flink_streaming_weight_update_20260626_102435         |
|  Skip Reason       : none                                                  |
+============================================================================+[0m
[36mINFO ctx_ctr.services.weight_update_service: Applied weight update snapshot flink_streaming_weight_update_20260626_102440 with PostgreSQL id 11[0m
[36mINFO ctx_ctr.jobs.run_streaming_weight_update: 
+========================= STREAMING WEIGHT UPDATE ==========================+
|  Job               : Streaming Weight Update Timer                         |
|  Status            : ACCEPTED                                              |
|  Dry Run           : False                                                 |
|  Processed Events  : 1197                                                  |
|  Invalid Events    : 0                                                     |
|  Triplets          : 100                                                   |
|  Valid Buckets     : 100                                                   |
|  Invalid Buckets   : 0                                                     |
|  Updated Features  : 14                                                    |
|  Baseline Applied  : True                                                  |
|  Baseline Ci Width : 0.011894                                              |
|  Baseline Guard    : baseline_guards_passed                                |
|  Redis Write       : True                                                  |
|  Postgres Write    : True                                                  |
|  Snapshot          : flink_streaming_weight_update_20260626_102440         |
|  Skip Reason       : none                                                  |
+============================================================================+[0m
[36mINFO ctx_ctr.services.weight_update_service: Applied weight update snapshot flink_streaming_weight_update_20260626_102444 with PostgreSQL id 12[0m
[36mINFO ctx_ctr.jobs.run_streaming_weight_update: 
+========================= STREAMING WEIGHT UPDATE ==========================+
|  Job               : Streaming Weight Update Timer                         |
|  Status            : ACCEPTED                                              |
|  Dry Run           : False                                                 |
|  Processed Events  : 1367                                                  |
|  Invalid Events    : 0                                                     |
|  Triplets          : 100                                                   |
|  Valid Buckets     : 100                                                   |
|  Invalid Buckets   : 0                                                     |
|  Updated Features  : 14                                                    |
|  Baseline Applied  : True                                                  |
|  Baseline Ci Width : 0.011499                                              |
|  Baseline Guard    : baseline_guards_passed                                |
|  Redis Write       : True                                                  |
|  Postgres Write    : True                                                  |
|  Snapshot          : flink_streaming_weight_update_20260626_102444         |
|  Skip Reason       : none                                                  |
+============================================================================+[0m
[36mINFO ctx_ctr.services.weight_update_service: Applied weight update snapshot flink_streaming_weight_update_20260626_102447 with PostgreSQL id 13[0m
[36mINFO ctx_ctr.jobs.run_streaming_weight_update: 
+========================= STREAMING WEIGHT UPDATE ==========================+
|  Job               : Streaming Weight Update Timer                         |
|  Status            : ACCEPTED                                              |
|  Dry Run           : False                                                 |
|  Processed Events  : 1453                                                  |
|  Invalid Events    : 0                                                     |
|  Triplets          : 100                                                   |
|  Valid Buckets     : 100                                                   |
|  Invalid Buckets   : 0                                                     |
|  Updated Features  : 14                                                    |
|  Baseline Applied  : True                                                  |
|  Baseline Ci Width : 0.011422                                              |
|  Baseline Guard    : baseline_guards_passed                                |
|  Redis Write       : True                                                  |
|  Postgres Write    : True                                                  |
|  Snapshot          : flink_streaming_weight_update_20260626_102447         |
|  Skip Reason       : none                                                  |
+============================================================================+[0m
[36mINFO ctx_ctr.services.weight_update_service: Applied weight update snapshot flink_streaming_weight_update_20260626_102451 with PostgreSQL id 14[0m
[36mINFO ctx_ctr.jobs.run_streaming_weight_update: 
+========================= STREAMING WEIGHT UPDATE ==========================+
|  Job               : Streaming Weight Update Timer                         |
|  Status            : ACCEPTED                                              |
|  Dry Run           : False                                                 |
|  Processed Events  : 1624                                                  |
|  Invalid Events    : 0                                                     |
|  Triplets          : 100                                                   |
|  Valid Buckets     : 100                                                   |
|  Invalid Buckets   : 0                                                     |
|  Updated Features  : 14                                                    |
|  Baseline Applied  : True                                                  |
|  Baseline Ci Width : 0.010999                                              |
|  Baseline Guard    : baseline_guards_passed                                |
|  Redis Write       : True                                                  |
|  Postgres Write    : True                                                  |
|  Snapshot          : flink_streaming_weight_update_20260626_102451         |
|  Skip Reason       : none                                                  |
+============================================================================+[0m
[36mINFO ctx_ctr.services.weight_update_service: Applied weight update snapshot flink_streaming_weight_update_20260626_102455 with PostgreSQL id 15[0m
[36mINFO ctx_ctr.jobs.run_streaming_weight_update: 
+========================= STREAMING WEIGHT UPDATE ==========================+
|  Job               : Streaming Weight Update Timer                         |
|  Status            : ACCEPTED                                              |
|  Dry Run           : False                                                 |
|  Processed Events  : 1638                                                  |
|  Invalid Events    : 0                                                     |
|  Triplets          : 100                                                   |
|  Valid Buckets     : 100                                                   |
|  Invalid Buckets   : 0                                                     |
|  Updated Features  : 14                                                    |
|  Baseline Applied  : True                                                  |
|  Baseline Ci Width : 0.010937                                              |
|  Baseline Guard    : baseline_guards_passed                                |
|  Redis Write       : True                                                  |
|  Postgres Write    : True                                                  |
|  Snapshot          : flink_streaming_weight_update_20260626_102455         |
|  Skip Reason       : none                                                  |
+============================================================================+[0m
[36mINFO ctx_ctr.services.weight_update_service: Applied weight update snapshot flink_streaming_weight_update_20260626_102459 with PostgreSQL id 16[0m
[36mINFO ctx_ctr.jobs.run_streaming_weight_update: 
+========================= STREAMING WEIGHT UPDATE ==========================+
|  Job               : Streaming Weight Update Timer                         |
|  Status            : ACCEPTED                                              |
|  Dry Run           : False                                                 |
|  Processed Events  : 1688                                                  |
|  Invalid Events    : 0                                                     |
|  Triplets          : 100                                                   |
|  Valid Buckets     : 100                                                   |
|  Invalid Buckets   : 0                                                     |
|  Updated Features  : 14                                                    |
|  Baseline Applied  : True                                                  |
|  Baseline Ci Width : 0.010680                                              |
|  Baseline Guard    : baseline_guards_passed                                |
|  Redis Write       : True                                                  |
|  Postgres Write    : True                                                  |
|  Snapshot          : flink_streaming_weight_update_20260626_102459         |
|  Skip Reason       : none                                                  |
+============================================================================+[0m
[36mINFO ctx_ctr.services.weight_update_service: Applied weight update snapshot flink_streaming_weight_update_20260626_102503 with PostgreSQL id 17[0m
[36mINFO ctx_ctr.jobs.run_streaming_weight_update: 
+========================= STREAMING WEIGHT UPDATE ==========================+
|  Job               : Streaming Weight Update Timer                         |
|  Status            : ACCEPTED                                              |
|  Dry Run           : False                                                 |
|  Processed Events  : 2023                                                  |
|  Invalid Events    : 0                                                     |
|  Triplets          : 100                                                   |
|  Valid Buckets     : 100                                                   |
|  Invalid Buckets   : 0                                                     |
|  Updated Features  : 14                                                    |
|  Baseline Applied  : True                                                  |
|  Baseline Ci Width : 0.009601                                              |
|  Baseline Guard    : baseline_guards_passed                                |
|  Redis Write       : True                                                  |
|  Postgres Write    : True                                                  |
|  Snapshot          : flink_streaming_weight_update_20260626_102503         |
|  Skip Reason       : none                                                  |
+============================================================================+[0m
[36mINFO ctx_ctr.services.weight_update_service: Applied weight update snapshot flink_streaming_weight_update_20260626_102507 with PostgreSQL id 18[0m
[36mINFO ctx_ctr.jobs.run_streaming_weight_update: 
+========================= STREAMING WEIGHT UPDATE ==========================+
|  Job               : Streaming Weight Update Timer                         |
|  Status            : ACCEPTED                                              |
|  Dry Run           : False                                                 |
|  Processed Events  : 2043                                                  |
|  Invalid Events    : 0                                                     |
|  Triplets          : 100                                                   |
|  Valid Buckets     : 100                                                   |
|  Invalid Buckets   : 0                                                     |
|  Updated Features  : 14                                                    |
|  Baseline Applied  : True                                                  |
|  Baseline Ci Width : 0.009547                                              |
|  Baseline Guard    : baseline_guards_passed                                |
|  Redis Write       : True                                                  |
|  Postgres Write    : True                                                  |
|  Snapshot          : flink_streaming_weight_update_20260626_102507         |
|  Skip Reason       : none                                                  |
+============================================================================+[0m
[36mINFO ctx_ctr.services.weight_update_service: Applied weight update snapshot flink_streaming_weight_update_20260626_102511 with PostgreSQL id 19[0m
[36mINFO ctx_ctr.jobs.run_streaming_weight_update: 
+========================= STREAMING WEIGHT UPDATE ==========================+
|  Job               : Streaming Weight Update Timer                         |
|  Status            : ACCEPTED                                              |
|  Dry Run           : False                                                 |
|  Processed Events  : 2043                                                  |
|  Invalid Events    : 0                                                     |
|  Triplets          : 100                                                   |
|  Valid Buckets     : 100                                                   |
|  Invalid Buckets   : 0                                                     |
|  Updated Features  : 14                                                    |
|  Baseline Applied  : True                                                  |
|  Baseline Ci Width : 0.009543                                              |
|  Baseline Guard    : baseline_guards_passed                                |
|  Redis Write       : True                                                  |
|  Postgres Write    : True                                                  |
|  Snapshot          : flink_streaming_weight_update_20260626_102511         |
|  Skip Reason       : none                                                  |
+============================================================================+[0m
[36mINFO ctx_ctr.services.weight_update_service: Applied weight update snapshot flink_streaming_weight_update_20260626_102515 with PostgreSQL id 20[0m
[36mINFO ctx_ctr.jobs.run_streaming_weight_update: 
+========================= STREAMING WEIGHT UPDATE ==========================+
|  Job               : Streaming Weight Update Timer                         |
|  Status            : ACCEPTED                                              |
|  Dry Run           : False                                                 |
|  Processed Events  : 2043                                                  |
|  Invalid Events    : 0                                                     |
|  Triplets          : 100                                                   |
|  Valid Buckets     : 100                                                   |
|  Invalid Buckets   : 0                                                     |
|  Updated Features  : 14                                                    |
|  Baseline Applied  : True                                                  |
|  Baseline Ci Width : 0.009542                                              |
|  Baseline Guard    : baseline_guards_passed                                |
|  Redis Write       : True                                                  |
|  Postgres Write    : True                                                  |
|  Snapshot          : flink_streaming_weight_update_20260626_102515         |
|  Skip Reason       : none                                                  |
+============================================================================+[0m
[32m+=========================== SUCCESS JOB SUMMARY ============================+[0m
[32m|  Job              : Streaming weight update job stopped                    |[0m
[32m|  Status           : SUCCESS                                                |[0m
[32m|  Status           : interrupted by user                                    |[0m
[32m|  Impression Topic : ctr.impressions                                        |[0m
[32m|  Click Topic      : ctr.clicks                                             |[0m
[32m+============================================================================+[0m
